---
http_interactions:
- request:
    method: get
    uri: https://core.dev.collectionspace.org/cspace-services/personauthorities?pgNum=0&pgSz=1&wf_deleted=false
    body:
      encoding: US-ASCII
      string: ''
    headers:
      Accept-Encoding:
      - gzip;q=1.0,deflate;q=0.6,identity;q=0.3
      Accept:
      - "*/*"
      User-Agent:
      - Ruby
      Authorization:
      - Basic YWRtaW5AY29yZS5jb2xsZWN0aW9uc3BhY2Uub3JnOkFkbWluaXN0cmF0b3I=
  response:
    status:
      code: 200
      message: ''
    headers:
      Date:
      - Sat, 15 Apr 2023 00:29:21 GMT
      Content-Type:
      - application/xml
      Content-Length:
      - '807'
      Connection:
      - keep-alive
      Cache-Control:
      - no-cache, no-store, max-age=0, must-revalidate
      Pragma:
      - no-cache
      Expires:
      - '0'
      X-Xss-Protection:
      - 1; mode=block
      X-Frame-Options:
      - DENY
      X-Content-Type-Options:
      - nosniff
    body:
      encoding: UTF-8
      string: <?xml version="1.0" encoding="UTF-8" standalone="yes"?><ns2:abstract-common-list
        xmlns:ns2="http://collectionspace.org/services/jaxb"><pageNum>0</pageNum><pageSize>1</pageSize><itemsInPage>1</itemsInPage><totalItems>2</totalItems><fieldsReturned>csid|uri|refName|updatedAt|workflowState|rev|shortIdentifier|sas|displayName|vocabType</fieldsReturned><list-item><csid>0f6cddfa-32ce-4c25-9b2f</csid><uri>/personauthorities/0f6cddfa-32ce-4c25-9b2f</uri><refName>urn:cspace:core.collectionspace.org:personauthorities:name(person)'Local
        Persons'</refName><updatedAt>2020-02-08T03:31:20.492Z</updatedAt><workflowState>project</workflowState><rev>1117</rev><shortIdentifier>person</shortIdentifier><displayName>Local
        Persons</displayName><vocabType>PersonAuthority</vocabType></list-item></ns2:abstract-common-list>
  recorded_at: Sat, 15 Apr 2023 00:29:21 GMT
- request:
    method: get
    uri: https://core.dev.collectionspace.org/cspace-services/collectionobjects?as=collectionobjects_common:objectNumber%20=%20%2736548%27&pgSz=25&sortBy=collectionspace_core:updatedAt%20DESC&wf_deleted=false
    body:
      encoding: US-ASCII
      string: ''
    headers:
      Accept-Encoding:
      - gzip;q=1.0,deflate;q=0.6,identity;q=0.3
      Accept:
      - "*/*"
      User-Agent:
      - Ruby
      Authorization:
      - Basic YWRtaW5AY29yZS5jb2xsZWN0aW9uc3BhY2Uub3JnOkFkbWluaXN0cmF0b3I=
  response:
    status:
      code: 200
      message: ''
    headers:
      Date:
      - Sat, 15 Apr 2023 00:29:22 GMT
      Content-Type:
      - application/xml
      Content-Length:
      - '779'
      Connection:
      - keep-alive
      Cache-Control:
      - no-cache, no-store, max-age=0, must-revalidate
      Pragma:
      - no-cache
      Expires:
      - '0'
      X-Xss-Protection:
      - 1; mode=block
      X-Frame-Options:
      - DENY
      X-Content-Type-Options:
      - nosniff
    body:
      encoding: UTF-8
      string: <?xml version="1.0" encoding="UTF-8" standalone="yes"?><ns2:abstract-common-list
        xmlns:ns2="http://collectionspace.org/services/jaxb"><pageNum>0</pageNum><pageSize>25</pageSize><itemsInPage>1</itemsInPage><totalItems>1</totalItems><fieldsReturned>csid|uri|refName|updatedAt|workflowState|objectNumber|objectName|title|responsibleDepartment</fieldsReturned><list-item><csid>998b6cad-4a55-4904-93b2</csid><uri>/collectionobjects/998b6cad-4a55-4904-93b2</uri><refName>urn:cspace:core.collectionspace.org:collectionobjects:id(998b6cad-4a55-4904-93b2)'36548'</refName><updatedAt>2020-12-24T08:16:41.911Z</updatedAt><workflowState>project</workflowState><objectNumber>36548</objectNumber><objectName>Paka
        paka</objectName><title>Si urembo</title></list-item></ns2:abstract-common-list>
  recorded_at: Sat, 15 Apr 2023 00:29:22 GMT
- request:
    method: get
    uri: https://core.dev.collectionspace.org/cspace-services/collectionobjects?as=collectionobjects_common:objectNumber%20=%20%27%27&pgSz=25&sortBy=collectionspace_core:updatedAt%20DESC&wf_deleted=false
    body:
      encoding: US-ASCII
      string: ''
    headers:
      Accept-Encoding:
      - gzip;q=1.0,deflate;q=0.6,identity;q=0.3
      Accept:
      - "*/*"
      User-Agent:
      - Ruby
      Authorization:
      - Basic YWRtaW5AY29yZS5jb2xsZWN0aW9uc3BhY2Uub3JnOkFkbWluaXN0cmF0b3I=
  response:
    status:
      code: 200
      message: ''
    headers:
      Date:
      - Tue, 18 Apr 2023 23:22:14 GMT
      Content-Type:
      - application/xml
      Content-Length:
      - '383'
      Connection:
      - keep-alive
      Cache-Control:
      - no-cache, no-store, max-age=0, must-revalidate
      Pragma:
      - no-cache
      Expires:
      - '0'
      X-Xss-Protection:
      - 1; mode=block
      X-Frame-Options:
      - DENY
      X-Content-Type-Options:
      - nosniff
    body:
      encoding: UTF-8
      string: <?xml version="1.0" encoding="UTF-8" standalone="yes"?><ns2:abstract-common-list
        xmlns:ns2="http://collectionspace.org/services/jaxb"><pageNum>0</pageNum><pageSize>25</pageSize><itemsInPage>0</itemsInPage><totalItems>0</totalItems><fieldsReturned>csid|uri|refName|updatedAt|workflowState|objectNumber|objectName|title|responsibleDepartment</fieldsReturned></ns2:abstract-common-list>
  recorded_at: Tue, 18 Apr 2023 23:22:13 GMT
recorded_with: VCR 6.1.0
