---
http_interactions:
- request:
    method: get
    uri: https://core.dev.collectionspace.org/cspace-services/personauthorities?pgNum=0&pgSz=1&wf_deleted=false
    body:
      encoding: US-ASCII
      string: ''
    headers:
      Accept-Encoding:
      - gzip;q=1.0,deflate;q=0.6,identity;q=0.3
      Accept:
      - "*/*"
      User-Agent:
      - Ruby
      Authorization:
      - Basic YWRtaW5AY29yZS5jb2xsZWN0aW9uc3BhY2Uub3JnOkFkbWluaXN0cmF0b3I=
  response:
    status:
      code: 200
      message: ''
    headers:
      Date:
      - Fri, 02 Feb 2024 19:56:48 GMT
      Content-Type:
      - application/xml
      Content-Length:
      - '804'
      Connection:
      - keep-alive
      Vary:
      - Access-Control-Request-Headers
      - Access-Control-Request-Method
      - Origin
      Set-Cookie:
      - JSESSIONID=BAB5FAF19282D7F96D25774C9C16CC43; Path=/cspace-services; Secure;
        HttpOnly
      X-Content-Type-Options:
      - nosniff
      X-Xss-Protection:
      - 1; mode=block
      Cache-Control:
      - no-cache, no-store, max-age=0, must-revalidate
      Pragma:
      - no-cache
      Expires:
      - '0'
      Strict-Transport-Security:
      - max-age=31536000 ; includeSubDomains
      X-Frame-Options:
      - DENY
    body:
      encoding: UTF-8
      string: <?xml version="1.0" encoding="UTF-8" standalone="yes"?><ns2:abstract-common-list
        xmlns:ns2="http://collectionspace.org/services/jaxb"><pageNum>0</pageNum><pageSize>1</pageSize><itemsInPage>1</itemsInPage><totalItems>2</totalItems><fieldsReturned>csid|uri|refName|updatedAt|workflowState|rev|shortIdentifier|sas|displayName|vocabType</fieldsReturned><list-item><csid>4bea28cb-83be-4ca1-971b</csid><uri>/personauthorities/4bea28cb-83be-4ca1-971b</uri><refName>urn:cspace:core.collectionspace.org:personauthorities:name(person)'Local
        Persons'</refName><updatedAt>2023-08-26T02:44:37.565Z</updatedAt><workflowState>project</workflowState><rev>3</rev><shortIdentifier>person</shortIdentifier><displayName>Local
        Persons</displayName><vocabType>PersonAuthority</vocabType></list-item></ns2:abstract-common-list>
  recorded_at: Fri, 02 Feb 2024 19:56:48 GMT
- request:
    method: get
    uri: https://core.dev.collectionspace.org/cspace-services/personauthorities?pgNum=0&pgSz=1&wf_deleted=false
    body:
      encoding: US-ASCII
      string: ''
    headers:
      Accept-Encoding:
      - gzip;q=1.0,deflate;q=0.6,identity;q=0.3
      Accept:
      - "*/*"
      User-Agent:
      - Ruby
      Authorization:
      - Basic YWRtaW5AY29yZS5jb2xsZWN0aW9uc3BhY2Uub3JnOkFkbWluaXN0cmF0b3I=
  response:
    status:
      code: 200
      message: ''
    headers:
      Date:
      - Fri, 02 Feb 2024 19:56:48 GMT
      Content-Type:
      - application/xml
      Content-Length:
      - '804'
      Connection:
      - keep-alive
      Vary:
      - Access-Control-Request-Headers
      - Access-Control-Request-Method
      - Origin
      Set-Cookie:
      - JSESSIONID=9DC78A22F277712D2D850CC49E38685C; Path=/cspace-services; Secure;
        HttpOnly
      X-Content-Type-Options:
      - nosniff
      X-Xss-Protection:
      - 1; mode=block
      Cache-Control:
      - no-cache, no-store, max-age=0, must-revalidate
      Pragma:
      - no-cache
      Expires:
      - '0'
      Strict-Transport-Security:
      - max-age=31536000 ; includeSubDomains
      X-Frame-Options:
      - DENY
    body:
      encoding: UTF-8
      string: <?xml version="1.0" encoding="UTF-8" standalone="yes"?><ns2:abstract-common-list
        xmlns:ns2="http://collectionspace.org/services/jaxb"><pageNum>0</pageNum><pageSize>1</pageSize><itemsInPage>1</itemsInPage><totalItems>2</totalItems><fieldsReturned>csid|uri|refName|updatedAt|workflowState|rev|shortIdentifier|sas|displayName|vocabType</fieldsReturned><list-item><csid>4bea28cb-83be-4ca1-971b</csid><uri>/personauthorities/4bea28cb-83be-4ca1-971b</uri><refName>urn:cspace:core.collectionspace.org:personauthorities:name(person)'Local
        Persons'</refName><updatedAt>2023-08-26T02:44:37.565Z</updatedAt><workflowState>project</workflowState><rev>3</rev><shortIdentifier>person</shortIdentifier><displayName>Local
        Persons</displayName><vocabType>PersonAuthority</vocabType></list-item></ns2:abstract-common-list>
  recorded_at: Fri, 02 Feb 2024 19:56:48 GMT
- request:
    method: get
    uri: https://core.dev.collectionspace.org/cspace-services/citationauthorities/urn:cspace:name(citation)/items?as=citations_common:citationTermGroupList/0/termDisplayName%20=%20%27Foo%27&pgSz=25&sortBy=collectionspace_core:updatedAt%20DESC&wf_deleted=false
    body:
      encoding: US-ASCII
      string: ''
    headers:
      Accept-Encoding:
      - gzip;q=1.0,deflate;q=0.6,identity;q=0.3
      Accept:
      - "*/*"
      User-Agent:
      - Ruby
      Authorization:
      - Basic YWRtaW5AY29yZS5jb2xsZWN0aW9uc3BhY2Uub3JnOkFkbWluaXN0cmF0b3I=
  response:
    status:
      code: 200
      message: ''
    headers:
      Date:
      - Fri, 02 Feb 2024 19:56:48 GMT
      Content-Type:
      - application/xml
      Content-Length:
      - '402'
      Connection:
      - keep-alive
      Vary:
      - Access-Control-Request-Headers
      - Access-Control-Request-Method
      - Origin
      Set-Cookie:
      - JSESSIONID=AA20FE820CED140613A7BCCE679454C3; Path=/cspace-services; Secure;
        HttpOnly
      X-Content-Type-Options:
      - nosniff
      X-Xss-Protection:
      - 1; mode=block
      Cache-Control:
      - no-cache, no-store, max-age=0, must-revalidate
      Pragma:
      - no-cache
      Expires:
      - '0'
      Strict-Transport-Security:
      - max-age=31536000 ; includeSubDomains
      X-Frame-Options:
      - DENY
    body:
      encoding: UTF-8
      string: <?xml version="1.0" encoding="UTF-8" standalone="yes"?><ns2:abstract-common-list
        xmlns:ns2="http://collectionspace.org/services/jaxb"><pageNum>0</pageNum><pageSize>25</pageSize><itemsInPage>0</itemsInPage><totalItems>0</totalItems><fieldsReturned>csid|uri|refName|updatedAt|workflowState|rev|shortIdentifier|sas|proposed|deprecated|termStatus|termDisplayName</fieldsReturned></ns2:abstract-common-list>
  recorded_at: Fri, 02 Feb 2024 19:56:48 GMT
recorded_with: VCR 6.1.0
