---
http_interactions:
- request:
    method: get
    uri: https://core.dev.collectionspace.org/cspace-services/personauthorities?pgNum=0&pgSz=1&wf_deleted=true
    body:
      encoding: US-ASCII
      string: ''
    headers:
      Accept-Encoding:
      - gzip;q=1.0,deflate;q=0.6,identity;q=0.3
      Accept:
      - "*/*"
      User-Agent:
      - Ruby
      Authorization:
      - Basic YWRtaW5AY29yZS5jb2xsZWN0aW9uc3BhY2Uub3JnOkFkbWluaXN0cmF0b3I=
  response:
    status:
      code: 200
      message: ''
    headers:
      Date:
      - Thu, 04 Sep 2025 21:47:44 GMT
      Content-Type:
      - application/xml
      Content-Length:
      - '804'
      Connection:
      - keep-alive
      Vary:
      - Access-Control-Request-Headers
      - Access-Control-Request-Method
      - Origin
      Set-Cookie:
      - JSESSIONID=A0A7F54D2F9E45D2063DD95A5070493E; Path=/cspace-services; Secure;
        HttpOnly
      X-Content-Type-Options:
      - nosniff
      X-Xss-Protection:
      - 1; mode=block
      Cache-Control:
      - no-cache, no-store, max-age=0, must-revalidate
      Pragma:
      - no-cache
      Expires:
      - '0'
      Strict-Transport-Security:
      - max-age=31536000 ; includeSubDomains
      X-Frame-Options:
      - DENY
    body:
      encoding: UTF-8
      string: <?xml version="1.0" encoding="UTF-8" standalone="yes"?><ns2:abstract-common-list
        xmlns:ns2="http://collectionspace.org/services/jaxb"><pageNum>0</pageNum><pageSize>1</pageSize><itemsInPage>1</itemsInPage><totalItems>2</totalItems><fieldsReturned>csid|uri|refName|updatedAt|workflowState|rev|shortIdentifier|sas|displayName|vocabType</fieldsReturned><list-item><csid>dea4d607-725d-4318-a910</csid><uri>/personauthorities/dea4d607-725d-4318-a910</uri><refName>urn:cspace:core.collectionspace.org:personauthorities:name(person)'Local
        Persons'</refName><updatedAt>2025-03-04T19:46:34.068Z</updatedAt><workflowState>project</workflowState><rev>9</rev><shortIdentifier>person</shortIdentifier><displayName>Local
        Persons</displayName><vocabType>PersonAuthority</vocabType></list-item></ns2:abstract-common-list>
  recorded_at: Thu, 04 Sep 2025 21:47:44 GMT
- request:
    method: get
    uri: https://core.dev.collectionspace.org/cspace-services/vocabularies?pgNum=0&pgSz=1&wf_deleted=true
    body:
      encoding: US-ASCII
      string: ''
    headers:
      Accept-Encoding:
      - gzip;q=1.0,deflate;q=0.6,identity;q=0.3
      Accept:
      - "*/*"
      User-Agent:
      - Ruby
      Authorization:
      - Basic YWRtaW5AY29yZS5jb2xsZWN0aW9uc3BhY2Uub3JnOkFkbWluaXN0cmF0b3I=
  response:
    status:
      code: 200
      message: ''
    headers:
      Date:
      - Thu, 04 Sep 2025 21:47:44 GMT
      Content-Type:
      - application/xml
      Content-Length:
      - '798'
      Connection:
      - keep-alive
      Vary:
      - Access-Control-Request-Headers
      - Access-Control-Request-Method
      - Origin
      Set-Cookie:
      - JSESSIONID=0223A6F9B618B989017B3321A9F9D2B1; Path=/cspace-services; Secure;
        HttpOnly
      X-Content-Type-Options:
      - nosniff
      X-Xss-Protection:
      - 1; mode=block
      Cache-Control:
      - no-cache, no-store, max-age=0, must-revalidate
      Pragma:
      - no-cache
      Expires:
      - '0'
      Strict-Transport-Security:
      - max-age=31536000 ; includeSubDomains
      X-Frame-Options:
      - DENY
    body:
      encoding: UTF-8
      string: <?xml version="1.0" encoding="UTF-8" standalone="yes"?><ns2:abstract-common-list
        xmlns:ns2="http://collectionspace.org/services/jaxb"><pageNum>0</pageNum><pageSize>1</pageSize><itemsInPage>1</itemsInPage><totalItems>177</totalItems><fieldsReturned>csid|uri|refName|updatedAt|workflowState|rev|shortIdentifier|sas|displayName|vocabType</fieldsReturned><list-item><csid>b5d7a52a-6bf3-407e-b719</csid><uri>/vocabularies/b5d7a52a-6bf3-407e-b719</uri><refName>urn:cspace:core.collectionspace.org:vocabularies:name(apparelsizes)'Apparel
        sizes'</refName><updatedAt>2025-03-04T19:46:23.970Z</updatedAt><workflowState>project</workflowState><rev>12</rev><shortIdentifier>apparelsizes</shortIdentifier><displayName>Apparel
        sizes</displayName><vocabType>enum</vocabType></list-item></ns2:abstract-common-list>
  recorded_at: Thu, 04 Sep 2025 21:47:44 GMT
- request:
    method: get
    uri: https://core.dev.collectionspace.org/cspace-services/vocabularies?pgNum=0&pgSz=25&wf_deleted=true
    body:
      encoding: US-ASCII
      string: ''
    headers:
      Accept-Encoding:
      - gzip;q=1.0,deflate;q=0.6,identity;q=0.3
      Accept:
      - "*/*"
      User-Agent:
      - Ruby
      Authorization:
      - Basic YWRtaW5AY29yZS5jb2xsZWN0aW9uc3BhY2Uub3JnOkFkbWluaXN0cmF0b3I=
  response:
    status:
      code: 200
      message: ''
    headers:
      Date:
      - Thu, 04 Sep 2025 21:47:45 GMT
      Content-Type:
      - application/xml
      Transfer-Encoding:
      - chunked
      Connection:
      - keep-alive
      Vary:
      - Access-Control-Request-Headers
      - Access-Control-Request-Method
      - Origin
      Set-Cookie:
      - JSESSIONID=0BA553387FF0118E2ED31EBD7E42EE25; Path=/cspace-services; Secure;
        HttpOnly
      X-Content-Type-Options:
      - nosniff
      X-Xss-Protection:
      - 1; mode=block
      Cache-Control:
      - no-cache, no-store, max-age=0, must-revalidate
      Pragma:
      - no-cache
      Expires:
      - '0'
      Strict-Transport-Security:
      - max-age=31536000 ; includeSubDomains
      X-Frame-Options:
      - DENY
    body:
      encoding: UTF-8
      string: <?xml version="1.0" encoding="UTF-8" standalone="yes"?><ns2:abstract-common-list
        xmlns:ns2="http://collectionspace.org/services/jaxb"><pageNum>0</pageNum><pageSize>25</pageSize><itemsInPage>25</itemsInPage><totalItems>177</totalItems><fieldsReturned>csid|uri|refName|updatedAt|workflowState|rev|shortIdentifier|sas|displayName|vocabType</fieldsReturned><list-item><csid>b5d7a52a-6bf3-407e-b719</csid><uri>/vocabularies/b5d7a52a-6bf3-407e-b719</uri><refName>urn:cspace:core.collectionspace.org:vocabularies:name(apparelsizes)'Apparel
        sizes'</refName><updatedAt>2025-03-04T19:46:23.970Z</updatedAt><workflowState>project</workflowState><rev>12</rev><shortIdentifier>apparelsizes</shortIdentifier><displayName>Apparel
        sizes</displayName><vocabType>enum</vocabType></list-item><list-item><csid>f7e65a10-d4ab-44de-90aa</csid><uri>/vocabularies/f7e65a10-d4ab-44de-90aa</uri><refName>urn:cspace:core.collectionspace.org:vocabularies:name(descriptionlevel)'Description
        level'</refName><updatedAt>2025-03-04T19:46:24.753Z</updatedAt><workflowState>project</workflowState><rev>4</rev><shortIdentifier>descriptionlevel</shortIdentifier><displayName>Description
        level</displayName><vocabType>enum</vocabType></list-item><list-item><csid>b8b323c9-bcd6-41e6-976f</csid><uri>/vocabularies/b8b323c9-bcd6-41e6-976f</uri><refName>urn:cspace:core.collectionspace.org:vocabularies:name(objectcounttypes)'Object
        Count Types'</refName><updatedAt>2025-03-04T19:46:25.001Z</updatedAt><workflowState>project</workflowState><rev>2</rev><shortIdentifier>objectcounttypes</shortIdentifier><displayName>Object
        Count Types</displayName><vocabType>enum</vocabType></list-item><list-item><csid>77a114ae-5c05-460c-bf0d</csid><uri>/vocabularies/77a114ae-5c05-460c-bf0d</uri><refName>urn:cspace:core.collectionspace.org:vocabularies:name(assocauthorityrelationtype)'Associated
        Authority Relation Types'</refName><updatedAt>2025-03-04T19:46:25.178Z</updatedAt><workflowState>project</workflowState><rev>14</rev><shortIdentifier>assocauthorityrelationtype</shortIdentifier><displayName>Associated
        Authority Relation Types</displayName><vocabType>enum</vocabType></list-item><list-item><csid>c0a3e373-1a4d-4747-b314</csid><uri>/vocabularies/c0a3e373-1a4d-4747-b314</uri><refName>urn:cspace:core.collectionspace.org:vocabularies:name(nagprainvolvedrole)'NAGPRA
        Involved Role'</refName><updatedAt>2025-03-04T19:46:25.958Z</updatedAt><workflowState>project</workflowState><rev>4</rev><shortIdentifier>nagprainvolvedrole</shortIdentifier><displayName>NAGPRA
        Involved Role</displayName><vocabType>enum</vocabType></list-item><list-item><csid>93822f33-3350-4893-a151</csid><uri>/vocabularies/93822f33-3350-4893-a151</uri><refName>urn:cspace:core.collectionspace.org:vocabularies:name(nagpratype)'NAGPRA
        Type'</refName><updatedAt>2025-03-04T19:46:26.201Z</updatedAt><workflowState>project</workflowState><rev>9</rev><shortIdentifier>nagpratype</shortIdentifier><displayName>NAGPRA
        Type</displayName><vocabType>enum</vocabType></list-item><list-item><csid>f50ebbae-10d1-489f-94db</csid><uri>/vocabularies/f50ebbae-10d1-489f-94db</uri><refName>urn:cspace:core.collectionspace.org:vocabularies:name(nagpralevel)'NAGPRA
        Level'</refName><updatedAt>2025-03-04T19:46:26.716Z</updatedAt><workflowState>project</workflowState><rev>4</rev><shortIdentifier>nagpralevel</shortIdentifier><displayName>NAGPRA
        Level</displayName><vocabType>enum</vocabType></list-item><list-item><csid>e67f1b78-ed63-4558-be0e</csid><uri>/vocabularies/e67f1b78-ed63-4558-be0e</uri><refName>urn:cspace:core.collectionspace.org:vocabularies:name(nagpradocumentationstatus)'NAGPRA
        Documentation Status'</refName><updatedAt>2025-03-04T19:46:26.990Z</updatedAt><workflowState>project</workflowState><rev>4</rev><shortIdentifier>nagpradocumentationstatus</shortIdentifier><displayName>NAGPRA
        Documentation Status</displayName><vocabType>enum</vocabType></list-item><list-item><csid>5094fb03-968a-4397-85cf</csid><uri>/vocabularies/5094fb03-968a-4397-85cf</uri><refName>urn:cspace:core.collectionspace.org:vocabularies:name(documentationgroup)'Documentation
        Group'</refName><updatedAt>2025-03-04T19:46:27.264Z</updatedAt><workflowState>project</workflowState><rev>3</rev><shortIdentifier>documentationgroup</shortIdentifier><displayName>Documentation
        Group</displayName><vocabType>enum</vocabType></list-item><list-item><csid>282b8980-93ee-4f79-b610</csid><uri>/vocabularies/282b8980-93ee-4f79-b610</uri><refName>urn:cspace:core.collectionspace.org:vocabularies:name(nagpranoticetype)'NAGPRA
        Notice Types'</refName><updatedAt>2025-03-04T19:46:27.457Z</updatedAt><workflowState>project</workflowState><rev>2</rev><shortIdentifier>nagpranoticetype</shortIdentifier><displayName>NAGPRA
        Notice Types</displayName><vocabType>enum</vocabType></list-item><list-item><csid>d32091d3-ecd0-4e3f-abf2</csid><uri>/vocabularies/d32091d3-ecd0-4e3f-abf2</uri><refName>urn:cspace:core.collectionspace.org:vocabularies:name(nagpranotice)'NAGPRA
        Notice'</refName><updatedAt>2025-03-04T19:46:27.633Z</updatedAt><workflowState>project</workflowState><rev>3</rev><shortIdentifier>nagpranotice</shortIdentifier><displayName>NAGPRA
        Notice</displayName><vocabType>enum</vocabType></list-item><list-item><csid>28d4daf4-f2db-49aa-8d47</csid><uri>/vocabularies/28d4daf4-f2db-49aa-8d47</uri><refName>urn:cspace:core.collectionspace.org:vocabularies:name(summarydocumentationtype)'NAGPRA
        Summary Documentation Type'</refName><updatedAt>2025-03-04T19:46:27.829Z</updatedAt><workflowState>project</workflowState><rev>3</rev><shortIdentifier>summarydocumentationtype</shortIdentifier><displayName>NAGPRA
        Summary Documentation Type</displayName><vocabType>enum</vocabType></list-item><list-item><csid>deb5f8ed-834d-4124-826c</csid><uri>/vocabularies/deb5f8ed-834d-4124-826c</uri><refName>urn:cspace:core.collectionspace.org:vocabularies:name(correspondencetype)'Correspondence
        Type'</refName><updatedAt>2025-03-04T19:46:28.246Z</updatedAt><workflowState>project</workflowState><rev>4</rev><shortIdentifier>correspondencetype</shortIdentifier><displayName>Correspondence
        Type</displayName><vocabType>enum</vocabType></list-item><list-item><csid>664af0d9-e685-4f4c-a309</csid><uri>/vocabularies/664af0d9-e685-4f4c-a309</uri><refName>urn:cspace:core.collectionspace.org:vocabularies:name(heldintrusttype)'HeldInTrust
        Type'</refName><updatedAt>2025-03-04T19:46:28.053Z</updatedAt><workflowState>project</workflowState><rev>3</rev><shortIdentifier>heldintrusttype</shortIdentifier><displayName>HeldInTrust
        Type</displayName><vocabType>enum</vocabType></list-item><list-item><csid>7983a46d-f2ec-4be7-8e1d</csid><uri>/vocabularies/7983a46d-f2ec-4be7-8e1d</uri><refName>urn:cspace:core.collectionspace.org:vocabularies:name(objexitmethod)'Object
        Exit Methods'</refName><updatedAt>2025-03-04T19:46:32.368Z</updatedAt><workflowState>project</workflowState><rev>6</rev><shortIdentifier>objexitmethod</shortIdentifier><displayName>Object
        Exit Methods</displayName><vocabType>enum</vocabType></list-item><list-item><csid>0c5f09fd-03ee-4e5f-ace0</csid><uri>/vocabularies/0c5f09fd-03ee-4e5f-ace0</uri><refName>urn:cspace:core.collectionspace.org:vocabularies:name(inventorystatus)'Inventory
        Status'</refName><updatedAt>2025-03-04T19:40:42.552Z</updatedAt><workflowState>project</workflowState><rev>27</rev><shortIdentifier>inventorystatus</shortIdentifier><displayName>Inventory
        Status</displayName><vocabType>enum</vocabType></list-item><list-item><csid>a805c5b3-7f0d-479e-8b56</csid><uri>/vocabularies/a805c5b3-7f0d-479e-8b56</uri><refName>urn:cspace:core.collectionspace.org:vocabularies:name(acousticalproperties)'Acoustical
        Properties'</refName><updatedAt>2025-03-04T19:45:46.523Z</updatedAt><workflowState>project</workflowState><rev>6</rev><shortIdentifier>acousticalproperties</shortIdentifier><displayName>Acoustical
        Properties</displayName><vocabType>enum</vocabType></list-item><list-item><csid>a2a50815-d89f-495b-b3de</csid><uri>/vocabularies/a2a50815-d89f-495b-b3de</uri><refName>urn:cspace:core.collectionspace.org:vocabularies:name(uocmethods)'Use
        of Collections Methods'</refName><updatedAt>2025-03-04T19:40:44.414Z</updatedAt><workflowState>project</workflowState><rev>4</rev><shortIdentifier>uocmethods</shortIdentifier><displayName>Use
        of Collections Methods</displayName><vocabType>enum</vocabType></list-item><list-item><csid>9fd529b9-6209-454d-a928</csid><uri>/vocabularies/9fd529b9-6209-454d-a928</uri><refName>urn:cspace:core.collectionspace.org:vocabularies:name(uocusertypes)'Use
        of Collections User Types'</refName><updatedAt>2025-03-04T19:40:44.702Z</updatedAt><workflowState>project</workflowState><rev>6</rev><shortIdentifier>uocusertypes</shortIdentifier><displayName>Use
        of Collections User Types</displayName><vocabType>enum</vocabType></list-item><list-item><csid>9f4bb786-55db-47a3-9104</csid><uri>/vocabularies/9f4bb786-55db-47a3-9104</uri><refName>urn:cspace:core.collectionspace.org:vocabularies:name(uocuserroles)'Use
        of Collections User Roles'</refName><updatedAt>2025-03-04T19:40:45.230Z</updatedAt><workflowState>project</workflowState><rev>4</rev><shortIdentifier>uocuserroles</shortIdentifier><displayName>Use
        of Collections User Roles</displayName><vocabType>enum</vocabType></list-item><list-item><csid>d09a00a4-d4df-4276-920b</csid><uri>/vocabularies/d09a00a4-d4df-4276-920b</uri><refName>urn:cspace:core.collectionspace.org:vocabularies:name(uocauthorizationstatuses)'Use
        of Collections Authorization Statuses'</refName><updatedAt>2025-03-04T19:40:45.574Z</updatedAt><workflowState>project</workflowState><rev>3</rev><shortIdentifier>uocauthorizationstatuses</shortIdentifier><displayName>Use
        of Collections Authorization Statuses</displayName><vocabType>enum</vocabType></list-item><list-item><csid>e991a26e-6fe8-4310-8b92</csid><uri>/vocabularies/e991a26e-6fe8-4310-8b92</uri><refName>urn:cspace:core.collectionspace.org:vocabularies:name(publishto)'Publishing
        Destination'</refName><updatedAt>2025-03-04T19:40:45.812Z</updatedAt><workflowState>project</workflowState><rev>6</rev><shortIdentifier>publishto</shortIdentifier><displayName>Publishing
        Destination</displayName><vocabType>enum</vocabType></list-item><list-item><csid>6b3dd69a-5b6b-4952-b46f</csid><uri>/vocabularies/6b3dd69a-5b6b-4952-b46f</uri><refName>urn:cspace:core.collectionspace.org:vocabularies:name(languages)'Languages'</refName><updatedAt>2025-03-04T19:40:46.267Z</updatedAt><workflowState>project</workflowState><rev>24</rev><shortIdentifier>languages</shortIdentifier><displayName>Languages</displayName><vocabType>enum</vocabType></list-item><list-item><csid>96a56bc7-1dcc-4198-b9c5</csid><uri>/vocabularies/96a56bc7-1dcc-4198-b9c5</uri><refName>urn:cspace:core.collectionspace.org:vocabularies:name(loanoutstatus)'Loaned
        Object Status'</refName><updatedAt>2025-03-04T19:40:47.938Z</updatedAt><workflowState>project</workflowState><rev>9</rev><shortIdentifier>loanoutstatus</shortIdentifier><displayName>Loaned
        Object Status</displayName><vocabType>enum</vocabType></list-item><list-item><csid>dd0cf7f6-e9b4-4df8-8589</csid><uri>/vocabularies/dd0cf7f6-e9b4-4df8-8589</uri><refName>urn:cspace:core.collectionspace.org:vocabularies:name(currency)'Standard
        Currency'</refName><updatedAt>2025-03-04T19:40:48.574Z</updatedAt><workflowState>project</workflowState><rev>7</rev><shortIdentifier>currency</shortIdentifier><displayName>Standard
        Currency</displayName><vocabType>enum</vocabType></list-item></ns2:abstract-common-list>
  recorded_at: Thu, 04 Sep 2025 21:47:45 GMT
- request:
    method: get
    uri: https://core.dev.collectionspace.org/cspace-services/vocabularies?pgNum=1&pgSz=25&wf_deleted=true
    body:
      encoding: US-ASCII
      string: ''
    headers:
      Accept-Encoding:
      - gzip;q=1.0,deflate;q=0.6,identity;q=0.3
      Accept:
      - "*/*"
      User-Agent:
      - Ruby
      Authorization:
      - Basic YWRtaW5AY29yZS5jb2xsZWN0aW9uc3BhY2Uub3JnOkFkbWluaXN0cmF0b3I=
  response:
    status:
      code: 200
      message: ''
    headers:
      Date:
      - Thu, 04 Sep 2025 21:47:45 GMT
      Content-Type:
      - application/xml
      Transfer-Encoding:
      - chunked
      Connection:
      - keep-alive
      Vary:
      - Access-Control-Request-Headers
      - Access-Control-Request-Method
      - Origin
      Set-Cookie:
      - JSESSIONID=2D19906978CD5D1B2A479A89C4314458; Path=/cspace-services; Secure;
        HttpOnly
      X-Content-Type-Options:
      - nosniff
      X-Xss-Protection:
      - 1; mode=block
      Cache-Control:
      - no-cache, no-store, max-age=0, must-revalidate
      Pragma:
      - no-cache
      Expires:
      - '0'
      Strict-Transport-Security:
      - max-age=31536000 ; includeSubDomains
      X-Frame-Options:
      - DENY
    body:
      encoding: UTF-8
      string: <?xml version="1.0" encoding="UTF-8" standalone="yes"?><ns2:abstract-common-list
        xmlns:ns2="http://collectionspace.org/services/jaxb"><pageNum>1</pageNum><pageSize>25</pageSize><itemsInPage>25</itemsInPage><totalItems>177</totalItems><fieldsReturned>csid|uri|refName|updatedAt|workflowState|rev|shortIdentifier|sas|displayName|vocabType</fieldsReturned><list-item><csid>37a820b3-c4c0-455a-a5f4</csid><uri>/vocabularies/37a820b3-c4c0-455a-a5f4</uri><refName>urn:cspace:core.collectionspace.org:vocabularies:name(collectionmethod)'Collection
        Method'</refName><updatedAt>2025-03-04T19:40:49.084Z</updatedAt><workflowState>project</workflowState><rev>13</rev><shortIdentifier>collectionmethod</shortIdentifier><displayName>Collection
        Method</displayName><vocabType>enum</vocabType></list-item><list-item><csid>2d07a7bd-1b21-4668-b456</csid><uri>/vocabularies/2d07a7bd-1b21-4668-b456</uri><refName>urn:cspace:core.collectionspace.org:vocabularies:name(conditionfitness)'Condition
        Fitness'</refName><updatedAt>2025-03-04T19:40:50.001Z</updatedAt><workflowState>project</workflowState><rev>4</rev><shortIdentifier>conditionfitness</shortIdentifier><displayName>Condition
        Fitness</displayName><vocabType>enum</vocabType></list-item><list-item><csid>d2217952-be33-4ea4-833b</csid><uri>/vocabularies/d2217952-be33-4ea4-833b</uri><refName>urn:cspace:core.collectionspace.org:vocabularies:name(conditioncheckmethod)'Condition
        Check Method'</refName><updatedAt>2025-03-04T19:40:50.302Z</updatedAt><workflowState>project</workflowState><rev>2</rev><shortIdentifier>conditioncheckmethod</shortIdentifier><displayName>Condition
        Check Method</displayName><vocabType>enum</vocabType></list-item><list-item><csid>0edd5d98-3fe4-4baf-9cdb</csid><uri>/vocabularies/0edd5d98-3fe4-4baf-9cdb</uri><refName>urn:cspace:core.collectionspace.org:vocabularies:name(entrymethod)'Entry
        Method'</refName><updatedAt>2025-03-04T19:40:50.503Z</updatedAt><workflowState>project</workflowState><rev>3</rev><shortIdentifier>entrymethod</shortIdentifier><displayName>Entry
        Method</displayName><vocabType>enum</vocabType></list-item><list-item><csid>d07dcd12-f402-40b7-9713</csid><uri>/vocabularies/d07dcd12-f402-40b7-9713</uri><refName>urn:cspace:core.collectionspace.org:vocabularies:name(conditioncheckreason)'Condition
        Check Reason'</refName><updatedAt>2025-03-04T19:40:50.735Z</updatedAt><workflowState>project</workflowState><rev>5</rev><shortIdentifier>conditioncheckreason</shortIdentifier><displayName>Condition
        Check Reason</displayName><vocabType>enum</vocabType></list-item><list-item><csid>762b2897-3479-4a34-ad72</csid><uri>/vocabularies/762b2897-3479-4a34-ad72</uri><refName>urn:cspace:core.collectionspace.org:vocabularies:name(locationtype)'Location
        Type'</refName><updatedAt>2025-03-04T19:40:51.129Z</updatedAt><workflowState>project</workflowState><rev>6</rev><shortIdentifier>locationtype</shortIdentifier><displayName>Location
        Type</displayName><vocabType>enum</vocabType></list-item><list-item><csid>6fe2d294-0a96-4ce5-ad6c</csid><uri>/vocabularies/6fe2d294-0a96-4ce5-ad6c</uri><refName>urn:cspace:core.collectionspace.org:vocabularies:name(dateera)'Date
        Era'</refName><updatedAt>2025-03-04T19:40:51.585Z</updatedAt><workflowState>project</workflowState><rev>2</rev><shortIdentifier>dateera</shortIdentifier><displayName>Date
        Era</displayName><vocabType>enum</vocabType></list-item><list-item><csid>7363b61c-02df-4d65-a4b8</csid><uri>/vocabularies/7363b61c-02df-4d65-a4b8</uri><refName>urn:cspace:core.collectionspace.org:vocabularies:name(datequalifier)'Date
        Qualifier'</refName><updatedAt>2025-03-04T19:40:51.764Z</updatedAt><workflowState>project</workflowState><rev>3</rev><shortIdentifier>datequalifier</shortIdentifier><displayName>Date
        Qualifier</displayName><vocabType>enum</vocabType></list-item><list-item><csid>44002648-c63a-4191-bd41</csid><uri>/vocabularies/44002648-c63a-4191-bd41</uri><refName>urn:cspace:core.collectionspace.org:vocabularies:name(agequalifier)'Age
        Qualifier'</refName><updatedAt>2025-03-04T19:40:52.040Z</updatedAt><workflowState>project</workflowState><rev>3</rev><shortIdentifier>agequalifier</shortIdentifier><displayName>Age
        Qualifier</displayName><vocabType>enum</vocabType></list-item><list-item><csid>71403564-d20a-4771-874b</csid><uri>/vocabularies/71403564-d20a-4771-874b</uri><refName>urn:cspace:core.collectionspace.org:vocabularies:name(datecertainty)'Date
        Certainty'</refName><updatedAt>2025-03-04T19:40:52.290Z</updatedAt><workflowState>project</workflowState><rev>6</rev><shortIdentifier>datecertainty</shortIdentifier><displayName>Date
        Certainty</displayName><vocabType>enum</vocabType></list-item><list-item><csid>3eb7008a-9318-495a-a9bc</csid><uri>/vocabularies/3eb7008a-9318-495a-a9bc</uri><refName>urn:cspace:core.collectionspace.org:vocabularies:name(persontermtype)'Person
        Term Type'</refName><updatedAt>2025-03-04T19:40:52.987Z</updatedAt><workflowState>project</workflowState><rev>3</rev><shortIdentifier>persontermtype</shortIdentifier><displayName>Person
        Term Type</displayName><vocabType>enum</vocabType></list-item><list-item><csid>44565f6d-c166-4521-8dfc</csid><uri>/vocabularies/44565f6d-c166-4521-8dfc</uri><refName>urn:cspace:core.collectionspace.org:vocabularies:name(mechanicalproperties)'Mechanical
        Properties'</refName><updatedAt>2025-03-04T19:45:48.394Z</updatedAt><workflowState>project</workflowState><rev>10</rev><shortIdentifier>mechanicalproperties</shortIdentifier><displayName>Mechanical
        Properties</displayName><vocabType>enum</vocabType></list-item><list-item><csid>e3ca19ba-b606-44f5-b79e</csid><uri>/vocabularies/e3ca19ba-b606-44f5-b79e</uri><refName>urn:cspace:core.collectionspace.org:vocabularies:name(worktype)'Work
        Type'</refName><updatedAt>2025-03-04T19:40:53.325Z</updatedAt><workflowState>project</workflowState><rev>7</rev><shortIdentifier>worktype</shortIdentifier><displayName>Work
        Type</displayName><vocabType>enum</vocabType></list-item><list-item><csid>b7519880-d661-47c3-9307</csid><uri>/vocabularies/b7519880-d661-47c3-9307</uri><refName>urn:cspace:core.collectionspace.org:vocabularies:name(workcreatortype)'Work
        Creator Type'</refName><updatedAt>2025-03-04T19:40:54.078Z</updatedAt><workflowState>project</workflowState><rev>8</rev><shortIdentifier>workcreatortype</shortIdentifier><displayName>Work
        Creator Type</displayName><vocabType>enum</vocabType></list-item><list-item><csid>999780e7-a6e5-4b42-b0eb</csid><uri>/vocabularies/999780e7-a6e5-4b42-b0eb</uri><refName>urn:cspace:core.collectionspace.org:vocabularies:name(workpublishertype)'Work
        Publisher Type'</refName><updatedAt>2025-03-04T19:40:54.963Z</updatedAt><workflowState>project</workflowState><rev>2</rev><shortIdentifier>workpublishertype</shortIdentifier><displayName>Work
        Publisher Type</displayName><vocabType>enum</vocabType></list-item><list-item><csid>9e914fea-4f10-4183-bb9b</csid><uri>/vocabularies/9e914fea-4f10-4183-bb9b</uri><refName>urn:cspace:core.collectionspace.org:vocabularies:name(citationtermtype)'Citation
        Term Type'</refName><updatedAt>2025-03-04T19:40:55.318Z</updatedAt><workflowState>project</workflowState><rev>25</rev><shortIdentifier>citationtermtype</shortIdentifier><displayName>Citation
        Term Type</displayName><vocabType>enum</vocabType></list-item><list-item><csid>7a3e4fb1-ddfb-487b-8f80</csid><uri>/vocabularies/7a3e4fb1-ddfb-487b-8f80</uri><refName>urn:cspace:core.collectionspace.org:vocabularies:name(agentinfotype)'Agent
        Info Type'</refName><updatedAt>2025-03-04T19:40:57.573Z</updatedAt><workflowState>project</workflowState><rev>2</rev><shortIdentifier>agentinfotype</shortIdentifier><displayName>Agent
        Info Type</displayName><vocabType>enum</vocabType></list-item><list-item><csid>b2e5ff3d-d201-4495-af42</csid><uri>/vocabularies/b2e5ff3d-d201-4495-af42</uri><refName>urn:cspace:core.collectionspace.org:vocabularies:name(resourceidtype)'Resource
        ID Type'</refName><updatedAt>2025-03-04T19:40:57.906Z</updatedAt><workflowState>project</workflowState><rev>3</rev><shortIdentifier>resourceidtype</shortIdentifier><displayName>Resource
        ID Type</displayName><vocabType>enum</vocabType></list-item><list-item><csid>4c74472d-5cf6-4a33-8c23</csid><uri>/vocabularies/4c74472d-5cf6-4a33-8c23</uri><refName>urn:cspace:core.collectionspace.org:vocabularies:name(relationtypetype)'Relation
        Type'</refName><updatedAt>2025-03-04T19:40:58.279Z</updatedAt><workflowState>project</workflowState><rev>4</rev><shortIdentifier>relationtypetype</shortIdentifier><displayName>Relation
        Type</displayName><vocabType>enum</vocabType></list-item><list-item><csid>91354ac6-6ef5-44b7-bd70</csid><uri>/vocabularies/91354ac6-6ef5-44b7-bd70</uri><refName>urn:cspace:core.collectionspace.org:vocabularies:name(exhibitiontype)'Exhibition
        Type'</refName><updatedAt>2025-03-04T19:45:37.222Z</updatedAt><workflowState>project</workflowState><rev>3</rev><shortIdentifier>exhibitiontype</shortIdentifier><displayName>Exhibition
        Type</displayName><vocabType>enum</vocabType></list-item><list-item><csid>6cb55902-8daa-49d7-8dbe</csid><uri>/vocabularies/6cb55902-8daa-49d7-8dbe</uri><refName>urn:cspace:core.collectionspace.org:vocabularies:name(exhibitionpersonrole)'Exhibition
        Person Role'</refName><updatedAt>2025-03-04T19:45:37.332Z</updatedAt><workflowState>project</workflowState><rev>12</rev><shortIdentifier>exhibitionpersonrole</shortIdentifier><displayName>Exhibition
        Person Role</displayName><vocabType>enum</vocabType></list-item><list-item><csid>b17b9a5c-ea87-4e06-896a</csid><uri>/vocabularies/b17b9a5c-ea87-4e06-896a</uri><refName>urn:cspace:core.collectionspace.org:vocabularies:name(exhibitionreferencetype)'Exhibition
        Reference Type'</refName><updatedAt>2025-03-04T19:45:37.627Z</updatedAt><workflowState>project</workflowState><rev>6</rev><shortIdentifier>exhibitionreferencetype</shortIdentifier><displayName>Exhibition
        Reference Type</displayName><vocabType>enum</vocabType></list-item><list-item><csid>b8a4fce5-577b-4599-9dc7</csid><uri>/vocabularies/b8a4fce5-577b-4599-9dc7</uri><refName>urn:cspace:core.collectionspace.org:vocabularies:name(exhibitionstatus)'Exhibition
        Status'</refName><updatedAt>2025-03-04T19:45:37.874Z</updatedAt><workflowState>project</workflowState><rev>5</rev><shortIdentifier>exhibitionstatus</shortIdentifier><displayName>Exhibition
        Status</displayName><vocabType>enum</vocabType></list-item><list-item><csid>4a614ad9-ed43-4132-8d1d</csid><uri>/vocabularies/4a614ad9-ed43-4132-8d1d</uri><refName>urn:cspace:core.collectionspace.org:vocabularies:name(conservationstatus)'Conservation
        Status'</refName><updatedAt>2025-03-04T19:45:37.976Z</updatedAt><workflowState>project</workflowState><rev>8</rev><shortIdentifier>conservationstatus</shortIdentifier><displayName>Conservation
        Status</displayName><vocabType>enum</vocabType></list-item><list-item><csid>e9d85700-6ec2-4439-9668</csid><uri>/vocabularies/e9d85700-6ec2-4439-9668</uri><refName>urn:cspace:core.collectionspace.org:vocabularies:name(treatmentpurpose)'Treatment
        Purpose'</refName><updatedAt>2025-03-04T19:45:38.152Z</updatedAt><workflowState>project</workflowState><rev>7</rev><shortIdentifier>treatmentpurpose</shortIdentifier><displayName>Treatment
        Purpose</displayName><vocabType>enum</vocabType></list-item></ns2:abstract-common-list>
  recorded_at: Thu, 04 Sep 2025 21:47:45 GMT
- request:
    method: get
    uri: https://core.dev.collectionspace.org/cspace-services/vocabularies?pgNum=2&pgSz=25&wf_deleted=true
    body:
      encoding: US-ASCII
      string: ''
    headers:
      Accept-Encoding:
      - gzip;q=1.0,deflate;q=0.6,identity;q=0.3
      Accept:
      - "*/*"
      User-Agent:
      - Ruby
      Authorization:
      - Basic YWRtaW5AY29yZS5jb2xsZWN0aW9uc3BhY2Uub3JnOkFkbWluaXN0cmF0b3I=
  response:
    status:
      code: 200
      message: ''
    headers:
      Date:
      - Thu, 04 Sep 2025 21:47:46 GMT
      Content-Type:
      - application/xml
      Transfer-Encoding:
      - chunked
      Connection:
      - keep-alive
      Vary:
      - Access-Control-Request-Headers
      - Access-Control-Request-Method
      - Origin
      Set-Cookie:
      - JSESSIONID=799384FF3B32D88636FB63C3FFEF6143; Path=/cspace-services; Secure;
        HttpOnly
      X-Content-Type-Options:
      - nosniff
      X-Xss-Protection:
      - 1; mode=block
      Cache-Control:
      - no-cache, no-store, max-age=0, must-revalidate
      Pragma:
      - no-cache
      Expires:
      - '0'
      Strict-Transport-Security:
      - max-age=31536000 ; includeSubDomains
      X-Frame-Options:
      - DENY
    body:
      encoding: UTF-8
      string: <?xml version="1.0" encoding="UTF-8" standalone="yes"?><ns2:abstract-common-list
        xmlns:ns2="http://collectionspace.org/services/jaxb"><pageNum>2</pageNum><pageSize>25</pageSize><itemsInPage>25</itemsInPage><totalItems>177</totalItems><fieldsReturned>csid|uri|refName|updatedAt|workflowState|rev|shortIdentifier|sas|displayName|vocabType</fieldsReturned><list-item><csid>cd41a35d-ea34-4736-a0e8</csid><uri>/vocabularies/cd41a35d-ea34-4736-a0e8</uri><refName>urn:cspace:core.collectionspace.org:vocabularies:name(concepttype)'Concept
        Types'</refName><updatedAt>2025-03-04T19:45:38.447Z</updatedAt><workflowState>project</workflowState><rev>8</rev><shortIdentifier>concepttype</shortIdentifier><displayName>Concept
        Types</displayName><vocabType>enum</vocabType></list-item><list-item><csid>af8e2097-7236-4add-8b2f</csid><uri>/vocabularies/af8e2097-7236-4add-8b2f</uri><refName>urn:cspace:core.collectionspace.org:vocabularies:name(limitationtype)'Access
        Limitation Type'</refName><updatedAt>2025-03-04T19:46:28.508Z</updatedAt><workflowState>project</workflowState><rev>9</rev><shortIdentifier>limitationtype</shortIdentifier><displayName>Access
        Limitation Type</displayName><vocabType>enum</vocabType></list-item><list-item><csid>e65e499f-1bcc-4d06-8d57</csid><uri>/vocabularies/e65e499f-1bcc-4d06-8d57</uri><refName>urn:cspace:core.collectionspace.org:vocabularies:name(limitationlevel)'Access
        Limitation Level'</refName><updatedAt>2025-03-04T19:46:29.005Z</updatedAt><workflowState>project</workflowState><rev>4</rev><shortIdentifier>limitationlevel</shortIdentifier><displayName>Access
        Limitation Level</displayName><vocabType>enum</vocabType></list-item><list-item><csid>0dff9148-c452-4bfa-aba2</csid><uri>/vocabularies/0dff9148-c452-4bfa-aba2</uri><refName>urn:cspace:core.collectionspace.org:vocabularies:name(consultationreason)'Consultation
        Reason'</refName><updatedAt>2025-03-04T19:46:29.272Z</updatedAt><workflowState>project</workflowState><rev>5</rev><shortIdentifier>consultationreason</shortIdentifier><displayName>Consultation
        Reason</displayName><vocabType>enum</vocabType></list-item><list-item><csid>d2701c49-2edd-4d3e-91a0</csid><uri>/vocabularies/d2701c49-2edd-4d3e-91a0</uri><refName>urn:cspace:core.collectionspace.org:vocabularies:name(otherpartyrole)'Other
        Party Role'</refName><updatedAt>2025-03-04T19:45:38.294Z</updatedAt><workflowState>project</workflowState><rev>3</rev><shortIdentifier>otherpartyrole</shortIdentifier><displayName>Other
        Party Role</displayName><vocabType>enum</vocabType></list-item><list-item><csid>437b1a2a-f2e0-4b5f-b26b</csid><uri>/vocabularies/437b1a2a-f2e0-4b5f-b26b</uri><refName>urn:cspace:core.collectionspace.org:vocabularies:name(examinationphase)'Examination
        Phase'</refName><updatedAt>2025-03-04T19:45:38.376Z</updatedAt><workflowState>project</workflowState><rev>3</rev><shortIdentifier>examinationphase</shortIdentifier><displayName>Examination
        Phase</displayName><vocabType>enum</vocabType></list-item><list-item><csid>ac83c075-7d41-434e-bac8</csid><uri>/vocabularies/ac83c075-7d41-434e-bac8</uri><refName>urn:cspace:core.collectionspace.org:vocabularies:name(organizationtype)'Organization
        Types'</refName><updatedAt>2025-03-04T19:45:38.601Z</updatedAt><workflowState>project</workflowState><rev>5</rev><shortIdentifier>organizationtype</shortIdentifier><displayName>Organization
        Types</displayName><vocabType>enum</vocabType></list-item><list-item><csid>6434d6c7-c24a-42d1-bd2e</csid><uri>/vocabularies/6434d6c7-c24a-42d1-bd2e</uri><refName>urn:cspace:core.collectionspace.org:vocabularies:name(taxontype)'Taxon
        Types'</refName><updatedAt>2025-03-04T19:45:38.730Z</updatedAt><workflowState>project</workflowState><rev>0</rev><shortIdentifier>taxontype</shortIdentifier><displayName>Taxon
        Types</displayName><vocabType>enum</vocabType></list-item><list-item><csid>c0b0d817-ac24-41c1-8ff0</csid><uri>/vocabularies/c0b0d817-ac24-41c1-8ff0</uri><refName>urn:cspace:core.collectionspace.org:vocabularies:name(materialtype)'Material
        Types'</refName><updatedAt>2025-03-04T19:45:38.745Z</updatedAt><workflowState>project</workflowState><rev>0</rev><shortIdentifier>materialtype</shortIdentifier><displayName>Material
        Types</displayName><vocabType>enum</vocabType></list-item><list-item><csid>65f5801f-7870-4c70-ab9e</csid><uri>/vocabularies/65f5801f-7870-4c70-ab9e</uri><refName>urn:cspace:core.collectionspace.org:vocabularies:name(citationtermflag)'Citation
        Term Flags'</refName><updatedAt>2025-03-04T19:45:38.760Z</updatedAt><workflowState>project</workflowState><rev>3</rev><shortIdentifier>citationtermflag</shortIdentifier><displayName>Citation
        Term Flags</displayName><vocabType>enum</vocabType></list-item><list-item><csid>621971f8-3bd3-42f8-8837</csid><uri>/vocabularies/621971f8-3bd3-42f8-8837</uri><refName>urn:cspace:core.collectionspace.org:vocabularies:name(concepttermflag)'Concept
        Term Flags'</refName><updatedAt>2025-03-04T19:45:38.823Z</updatedAt><workflowState>project</workflowState><rev>5</rev><shortIdentifier>concepttermflag</shortIdentifier><displayName>Concept
        Term Flags</displayName><vocabType>enum</vocabType></list-item><list-item><csid>f87c2347-eeff-4280-b1b3</csid><uri>/vocabularies/f87c2347-eeff-4280-b1b3</uri><refName>urn:cspace:core.collectionspace.org:vocabularies:name(locationtermflag)'Location
        Term Flags'</refName><updatedAt>2025-03-04T19:45:39.152Z</updatedAt><workflowState>project</workflowState><rev>2</rev><shortIdentifier>locationtermflag</shortIdentifier><displayName>Location
        Term Flags</displayName><vocabType>enum</vocabType></list-item><list-item><csid>12783e2b-fae3-4981-bbce</csid><uri>/vocabularies/12783e2b-fae3-4981-bbce</uri><refName>urn:cspace:core.collectionspace.org:vocabularies:name(orgtermflag)'Organization
        Term Flags'</refName><updatedAt>2025-03-04T19:45:39.360Z</updatedAt><workflowState>project</workflowState><rev>2</rev><shortIdentifier>orgtermflag</shortIdentifier><displayName>Organization
        Term Flags</displayName><vocabType>enum</vocabType></list-item><list-item><csid>3e97c8f9-2a0a-4e13-b47d</csid><uri>/vocabularies/3e97c8f9-2a0a-4e13-b47d</uri><refName>urn:cspace:core.collectionspace.org:vocabularies:name(persontermflag)'Person
        Term Flags'</refName><updatedAt>2025-03-04T19:45:39.516Z</updatedAt><workflowState>project</workflowState><rev>2</rev><shortIdentifier>persontermflag</shortIdentifier><displayName>Person
        Term Flags</displayName><vocabType>enum</vocabType></list-item><list-item><csid>69e917c4-5a59-4fd2-a461</csid><uri>/vocabularies/69e917c4-5a59-4fd2-a461</uri><refName>urn:cspace:core.collectionspace.org:vocabularies:name(placetermflag)'Place
        Term Flags'</refName><updatedAt>2025-03-04T19:45:39.667Z</updatedAt><workflowState>project</workflowState><rev>4</rev><shortIdentifier>placetermflag</shortIdentifier><displayName>Place
        Term Flags</displayName><vocabType>enum</vocabType></list-item><list-item><csid>414371c6-e496-473f-9324</csid><uri>/vocabularies/414371c6-e496-473f-9324</uri><refName>urn:cspace:core.collectionspace.org:vocabularies:name(taxontermflag)'Taxon
        Term Flags'</refName><updatedAt>2025-03-04T19:45:39.974Z</updatedAt><workflowState>project</workflowState><rev>2</rev><shortIdentifier>taxontermflag</shortIdentifier><displayName>Taxon
        Term Flags</displayName><vocabType>enum</vocabType></list-item><list-item><csid>f10ebe38-fac8-4694-a77a</csid><uri>/vocabularies/f10ebe38-fac8-4694-a77a</uri><refName>urn:cspace:core.collectionspace.org:vocabularies:name(worktermflag)'Work
        Term Flags'</refName><updatedAt>2025-03-04T19:45:40.155Z</updatedAt><workflowState>project</workflowState><rev>6</rev><shortIdentifier>worktermflag</shortIdentifier><displayName>Work
        Term Flags</displayName><vocabType>enum</vocabType></list-item><list-item><csid>708a954b-7f7a-465e-bfb7</csid><uri>/vocabularies/708a954b-7f7a-465e-bfb7</uri><refName>urn:cspace:core.collectionspace.org:vocabularies:name(materialtermflag)'Material
        Term Flags'</refName><updatedAt>2025-03-04T19:45:40.564Z</updatedAt><workflowState>project</workflowState><rev>4</rev><shortIdentifier>materialtermflag</shortIdentifier><displayName>Material
        Term Flags</displayName><vocabType>enum</vocabType></list-item><list-item><csid>a57d7966-a2e9-4e44-b938</csid><uri>/vocabularies/a57d7966-a2e9-4e44-b938</uri><refName>urn:cspace:core.collectionspace.org:vocabularies:name(materialuse)'Material
        Use'</refName><updatedAt>2025-03-04T19:45:40.865Z</updatedAt><workflowState>project</workflowState><rev>20</rev><shortIdentifier>materialuse</shortIdentifier><displayName>Material
        Use</displayName><vocabType>enum</vocabType></list-item><list-item><csid>8ab76d95-0a1b-4fa2-884a</csid><uri>/vocabularies/8ab76d95-0a1b-4fa2-884a</uri><refName>urn:cspace:core.collectionspace.org:vocabularies:name(materialproductionrole)'Material
        Production Role'</refName><updatedAt>2025-03-04T19:45:42.057Z</updatedAt><workflowState>project</workflowState><rev>3</rev><shortIdentifier>materialproductionrole</shortIdentifier><displayName>Material
        Production Role</displayName><vocabType>enum</vocabType></list-item><list-item><csid>982cf620-1328-4bb4-8cf1</csid><uri>/vocabularies/982cf620-1328-4bb4-8cf1</uri><refName>urn:cspace:core.collectionspace.org:vocabularies:name(materialresource)'Material
        Resource'</refName><updatedAt>2025-03-04T19:45:42.275Z</updatedAt><workflowState>project</workflowState><rev>2</rev><shortIdentifier>materialresource</shortIdentifier><displayName>Material
        Resource</displayName><vocabType>enum</vocabType></list-item><list-item><csid>4d143300-54f6-486f-a600</csid><uri>/vocabularies/4d143300-54f6-486f-a600</uri><refName>urn:cspace:core.collectionspace.org:vocabularies:name(materialform)'Material
        Form'</refName><updatedAt>2025-03-04T19:45:42.473Z</updatedAt><workflowState>project</workflowState><rev>33</rev><shortIdentifier>materialform</shortIdentifier><displayName>Material
        Form</displayName><vocabType>enum</vocabType></list-item><list-item><csid>e5444241-b687-4622-a859</csid><uri>/vocabularies/e5444241-b687-4622-a859</uri><refName>urn:cspace:core.collectionspace.org:vocabularies:name(materialformtype)'Material
        Form Type'</refName><updatedAt>2025-03-04T19:45:44.373Z</updatedAt><workflowState>project</workflowState><rev>37</rev><shortIdentifier>materialformtype</shortIdentifier><displayName>Material
        Form Type</displayName><vocabType>enum</vocabType></list-item><list-item><csid>d401519d-5ed1-4093-840b</csid><uri>/vocabularies/d401519d-5ed1-4093-840b</uri><refName>urn:cspace:core.collectionspace.org:vocabularies:name(durabilityproperties)'Durability
        Properties'</refName><updatedAt>2025-03-04T19:45:46.906Z</updatedAt><workflowState>project</workflowState><rev>22</rev><shortIdentifier>durabilityproperties</shortIdentifier><displayName>Durability
        Properties</displayName><vocabType>enum</vocabType></list-item><list-item><csid>3ec48cc1-271d-4da1-9e02</csid><uri>/vocabularies/3ec48cc1-271d-4da1-9e02</uri><refName>urn:cspace:core.collectionspace.org:vocabularies:name(electricalproperties)'Electrical
        Properties'</refName><updatedAt>2025-03-04T19:45:48.130Z</updatedAt><workflowState>project</workflowState><rev>4</rev><shortIdentifier>electricalproperties</shortIdentifier><displayName>Electrical
        Properties</displayName><vocabType>enum</vocabType></list-item></ns2:abstract-common-list>
  recorded_at: Thu, 04 Sep 2025 21:47:45 GMT
- request:
    method: get
    uri: https://core.dev.collectionspace.org/cspace-services/vocabularies?pgNum=3&pgSz=25&wf_deleted=true
    body:
      encoding: US-ASCII
      string: ''
    headers:
      Accept-Encoding:
      - gzip;q=1.0,deflate;q=0.6,identity;q=0.3
      Accept:
      - "*/*"
      User-Agent:
      - Ruby
      Authorization:
      - Basic YWRtaW5AY29yZS5jb2xsZWN0aW9uc3BhY2Uub3JnOkFkbWluaXN0cmF0b3I=
  response:
    status:
      code: 200
      message: ''
    headers:
      Date:
      - Thu, 04 Sep 2025 21:47:46 GMT
      Content-Type:
      - application/xml
      Transfer-Encoding:
      - chunked
      Connection:
      - keep-alive
      Vary:
      - Access-Control-Request-Headers
      - Access-Control-Request-Method
      - Origin
      Set-Cookie:
      - JSESSIONID=A3840BA7838A438E830A4DA41FB9D0C5; Path=/cspace-services; Secure;
        HttpOnly
      X-Content-Type-Options:
      - nosniff
      X-Xss-Protection:
      - 1; mode=block
      Cache-Control:
      - no-cache, no-store, max-age=0, must-revalidate
      Pragma:
      - no-cache
      Expires:
      - '0'
      Strict-Transport-Security:
      - max-age=31536000 ; includeSubDomains
      X-Frame-Options:
      - DENY
    body:
      encoding: UTF-8
      string: <?xml version="1.0" encoding="UTF-8" standalone="yes"?><ns2:abstract-common-list
        xmlns:ns2="http://collectionspace.org/services/jaxb"><pageNum>3</pageNum><pageSize>25</pageSize><itemsInPage>25</itemsInPage><totalItems>177</totalItems><fieldsReturned>csid|uri|refName|updatedAt|workflowState|rev|shortIdentifier|sas|displayName|vocabType</fieldsReturned><list-item><csid>41bb2c4f-43a8-49e5-9c56</csid><uri>/vocabularies/41bb2c4f-43a8-49e5-9c56</uri><refName>urn:cspace:core.collectionspace.org:vocabularies:name(hygrothermalproperties)'Hygrothermal
        Properties'</refName><updatedAt>2025-03-04T19:45:48.965Z</updatedAt><workflowState>project</workflowState><rev>9</rev><shortIdentifier>hygrothermalproperties</shortIdentifier><displayName>Hygrothermal
        Properties</displayName><vocabType>enum</vocabType></list-item><list-item><csid>d36cd9ef-16c3-4548-a83a</csid><uri>/vocabularies/d36cd9ef-16c3-4548-a83a</uri><refName>urn:cspace:core.collectionspace.org:vocabularies:name(opticalproperties)'Optical
        Properties'</refName><updatedAt>2025-03-04T19:45:49.480Z</updatedAt><workflowState>project</workflowState><rev>10</rev><shortIdentifier>opticalproperties</shortIdentifier><displayName>Optical
        Properties</displayName><vocabType>enum</vocabType></list-item><list-item><csid>ebb3af2a-c7fd-4fc8-b046</csid><uri>/vocabularies/ebb3af2a-c7fd-4fc8-b046</uri><refName>urn:cspace:core.collectionspace.org:vocabularies:name(sensorialproperties)'Sensorial
        Properties'</refName><updatedAt>2025-03-04T19:45:50.069Z</updatedAt><workflowState>project</workflowState><rev>17</rev><shortIdentifier>sensorialproperties</shortIdentifier><displayName>Sensorial
        Properties</displayName><vocabType>enum</vocabType></list-item><list-item><csid>848f6b6f-fd14-4bce-a082</csid><uri>/vocabularies/848f6b6f-fd14-4bce-a082</uri><refName>urn:cspace:core.collectionspace.org:vocabularies:name(smartmaterialproperties)'Smart
        Material Properties'</refName><updatedAt>2025-03-04T19:45:51.020Z</updatedAt><workflowState>project</workflowState><rev>14</rev><shortIdentifier>smartmaterialproperties</shortIdentifier><displayName>Smart
        Material Properties</displayName><vocabType>enum</vocabType></list-item><list-item><csid>6f35dbbf-ddd8-4a4c-bf92</csid><uri>/vocabularies/6f35dbbf-ddd8-4a4c-bf92</uri><refName>urn:cspace:core.collectionspace.org:vocabularies:name(additionalproperties)'Additional
        Properties'</refName><updatedAt>2025-03-04T19:45:51.834Z</updatedAt><workflowState>project</workflowState><rev>15</rev><shortIdentifier>additionalproperties</shortIdentifier><displayName>Additional
        Properties</displayName><vocabType>enum</vocabType></list-item><list-item><csid>9f52f442-bda3-488b-ae6b</csid><uri>/vocabularies/9f52f442-bda3-488b-ae6b</uri><refName>urn:cspace:core.collectionspace.org:vocabularies:name(mechanicalpropertyunits)'Mechanical
        Property Units'</refName><updatedAt>2025-03-04T19:45:52.719Z</updatedAt><workflowState>project</workflowState><rev>4</rev><shortIdentifier>mechanicalpropertyunits</shortIdentifier><displayName>Mechanical
        Property Units</displayName><vocabType>enum</vocabType></list-item><list-item><csid>85c0239f-78f1-48ac-871f</csid><uri>/vocabularies/85c0239f-78f1-48ac-871f</uri><refName>urn:cspace:core.collectionspace.org:vocabularies:name(hygrothermalpropertyunits)'Hygrothermal
        Property Units'</refName><updatedAt>2025-03-04T19:45:52.998Z</updatedAt><workflowState>project</workflowState><rev>5</rev><shortIdentifier>hygrothermalpropertyunits</shortIdentifier><displayName>Hygrothermal
        Property Units</displayName><vocabType>enum</vocabType></list-item><list-item><csid>8cc72433-d9ee-463c-a50f</csid><uri>/vocabularies/8cc72433-d9ee-463c-a50f</uri><refName>urn:cspace:core.collectionspace.org:vocabularies:name(recycledcontentqualifiers)'Recycled
        Content Qualifiers'</refName><updatedAt>2025-03-04T19:45:53.299Z</updatedAt><workflowState>project</workflowState><rev>3</rev><shortIdentifier>recycledcontentqualifiers</shortIdentifier><displayName>Recycled
        Content Qualifiers</displayName><vocabType>enum</vocabType></list-item><list-item><csid>6aff40b0-5050-479f-b355</csid><uri>/vocabularies/6aff40b0-5050-479f-b355</uri><refName>urn:cspace:core.collectionspace.org:vocabularies:name(lifecyclecomponents)'Lifecycle
        Components'</refName><updatedAt>2025-03-04T19:45:53.527Z</updatedAt><workflowState>project</workflowState><rev>4</rev><shortIdentifier>lifecyclecomponents</shortIdentifier><displayName>Lifecycle
        Components</displayName><vocabType>enum</vocabType></list-item><list-item><csid>598bdf11-7b41-43d0-bce8</csid><uri>/vocabularies/598bdf11-7b41-43d0-bce8</uri><refName>urn:cspace:core.collectionspace.org:vocabularies:name(energyunits)'Energy
        Units'</refName><updatedAt>2025-03-04T19:45:53.807Z</updatedAt><workflowState>project</workflowState><rev>2</rev><shortIdentifier>energyunits</shortIdentifier><displayName>Energy
        Units</displayName><vocabType>enum</vocabType></list-item><list-item><csid>4422d786-be8d-4798-bf2e</csid><uri>/vocabularies/4422d786-be8d-4798-bf2e</uri><refName>urn:cspace:core.collectionspace.org:vocabularies:name(ecologicalcertifications)'Ecological
        Certifications'</refName><updatedAt>2025-03-04T19:45:53.972Z</updatedAt><workflowState>project</workflowState><rev>1</rev><shortIdentifier>ecologicalcertifications</shortIdentifier><displayName>Ecological
        Certifications</displayName><vocabType>enum</vocabType></list-item><list-item><csid>a5d2d94c-9837-4b15-b117</csid><uri>/vocabularies/a5d2d94c-9837-4b15-b117</uri><refName>urn:cspace:core.collectionspace.org:vocabularies:name(castingprocesses)'Casting
        Processes'</refName><updatedAt>2025-03-04T19:45:54.110Z</updatedAt><workflowState>project</workflowState><rev>7</rev><shortIdentifier>castingprocesses</shortIdentifier><displayName>Casting
        Processes</displayName><vocabType>enum</vocabType></list-item><list-item><csid>d25768bf-6676-41c9-831d</csid><uri>/vocabularies/d25768bf-6676-41c9-831d</uri><refName>urn:cspace:core.collectionspace.org:vocabularies:name(deformingprocesses)'Deforming
        Processes'</refName><updatedAt>2025-03-04T19:45:54.561Z</updatedAt><workflowState>project</workflowState><rev>22</rev><shortIdentifier>deformingprocesses</shortIdentifier><displayName>Deforming
        Processes</displayName><vocabType>enum</vocabType></list-item><list-item><csid>073d7fe0-bf79-41eb-acb6</csid><uri>/vocabularies/073d7fe0-bf79-41eb-acb6</uri><refName>urn:cspace:core.collectionspace.org:vocabularies:name(joiningprocesses)'Joining
        Processes'</refName><updatedAt>2025-03-04T19:45:55.773Z</updatedAt><workflowState>project</workflowState><rev>17</rev><shortIdentifier>joiningprocesses</shortIdentifier><displayName>Joining
        Processes</displayName><vocabType>enum</vocabType></list-item><list-item><csid>63f3a228-32c2-494f-9d2f</csid><uri>/vocabularies/63f3a228-32c2-494f-9d2f</uri><refName>urn:cspace:core.collectionspace.org:vocabularies:name(moldingprocesses)'Molding
        Processes'</refName><updatedAt>2025-03-04T19:45:57.718Z</updatedAt><workflowState>project</workflowState><rev>22</rev><shortIdentifier>moldingprocesses</shortIdentifier><displayName>Molding
        Processes</displayName><vocabType>enum</vocabType></list-item><list-item><csid>291453d8-33bb-4d4f-b9e9</csid><uri>/vocabularies/291453d8-33bb-4d4f-b9e9</uri><refName>urn:cspace:core.collectionspace.org:vocabularies:name(machiningprocesses)'Machining
        Processes'</refName><updatedAt>2025-03-04T19:45:56.736Z</updatedAt><workflowState>project</workflowState><rev>17</rev><shortIdentifier>machiningprocesses</shortIdentifier><displayName>Machining
        Processes</displayName><vocabType>enum</vocabType></list-item><list-item><csid>dff2628a-b8a0-432a-9ecf</csid><uri>/vocabularies/dff2628a-b8a0-432a-9ecf</uri><refName>urn:cspace:core.collectionspace.org:vocabularies:name(contactstatus)'Contact
        Person Statuses'</refName><updatedAt>2025-03-04T19:46:02.888Z</updatedAt><workflowState>project</workflowState><rev>2</rev><shortIdentifier>contactstatus</shortIdentifier><displayName>Contact
        Person Statuses</displayName><vocabType>enum</vocabType></list-item><list-item><csid>18088805-f86c-44e9-b24d</csid><uri>/vocabularies/18088805-f86c-44e9-b24d</uri><refName>urn:cspace:core.collectionspace.org:vocabularies:name(uoccollectiontypes)'Use
        of Collections Types'</refName><updatedAt>2025-03-04T19:46:03.071Z</updatedAt><workflowState>project</workflowState><rev>3</rev><shortIdentifier>uoccollectiontypes</shortIdentifier><displayName>Use
        of Collections Types</displayName><vocabType>enum</vocabType></list-item><list-item><csid>8b1d7e8e-675f-4d3b-8c57</csid><uri>/vocabularies/8b1d7e8e-675f-4d3b-8c57</uri><refName>urn:cspace:core.collectionspace.org:vocabularies:name(uocmaterialtypes)'Use
        of Collections Material Types'</refName><updatedAt>2025-03-04T19:46:03.491Z</updatedAt><workflowState>project</workflowState><rev>13</rev><shortIdentifier>uocmaterialtypes</shortIdentifier><displayName>Use
        of Collections Material Types</displayName><vocabType>enum</vocabType></list-item><list-item><csid>86a4d521-1a5b-4a70-8948</csid><uri>/vocabularies/86a4d521-1a5b-4a70-8948</uri><refName>urn:cspace:core.collectionspace.org:vocabularies:name(significanceassignedby)'Significance
        Assigned By'</refName><updatedAt>2025-03-04T19:46:06.805Z</updatedAt><workflowState>project</workflowState><rev>2</rev><shortIdentifier>significanceassignedby</shortIdentifier><displayName>Significance
        Assigned By</displayName><vocabType>enum</vocabType></list-item><list-item><csid>09e4f92d-4737-46e8-b6c6</csid><uri>/vocabularies/09e4f92d-4737-46e8-b6c6</uri><refName>urn:cspace:core.collectionspace.org:vocabularies:name(consultationtype)'Consultation
        Type'</refName><updatedAt>2025-03-04T19:46:29.590Z</updatedAt><workflowState>project</workflowState><rev>4</rev><shortIdentifier>consultationtype</shortIdentifier><displayName>Consultation
        Type</displayName><vocabType>enum</vocabType></list-item><list-item><csid>6c3e0e23-aebe-44a5-9bff</csid><uri>/vocabularies/6c3e0e23-aebe-44a5-9bff</uri><refName>urn:cspace:core.collectionspace.org:vocabularies:name(consultationstatus)'Consultation
        Status'</refName><updatedAt>2025-03-04T19:46:29.830Z</updatedAt><workflowState>project</workflowState><rev>3</rev><shortIdentifier>consultationstatus</shortIdentifier><displayName>Consultation
        Status</displayName><vocabType>enum</vocabType></list-item><list-item><csid>32e0f118-9bff-487d-a1fc</csid><uri>/vocabularies/32e0f118-9bff-487d-a1fc</uri><refName>urn:cspace:core.collectionspace.org:vocabularies:name(nagpraclaimtype)'NAGPRA
        Claim Types'</refName><updatedAt>2025-03-04T19:46:30.062Z</updatedAt><workflowState>project</workflowState><rev>6</rev><shortIdentifier>nagpraclaimtype</shortIdentifier><displayName>NAGPRA
        Claim Types</displayName><vocabType>enum</vocabType></list-item><list-item><csid>65249895-f37d-49e3-b234</csid><uri>/vocabularies/65249895-f37d-49e3-b234</uri><refName>urn:cspace:core.collectionspace.org:vocabularies:name(repatriationrequesttype)'Repatriation
        Request Types'</refName><updatedAt>2025-03-04T19:46:30.428Z</updatedAt><workflowState>project</workflowState><rev>6</rev><shortIdentifier>repatriationrequesttype</shortIdentifier><displayName>Repatriation
        Request Types</displayName><vocabType>enum</vocabType></list-item><list-item><csid>d21950c4-cf21-47fe-9e29</csid><uri>/vocabularies/d21950c4-cf21-47fe-9e29</uri><refName>urn:cspace:core.collectionspace.org:vocabularies:name(nagpracategory)'NAGPRA
        Categories'</refName><updatedAt>2025-03-04T19:46:30.784Z</updatedAt><workflowState>project</workflowState><rev>7</rev><shortIdentifier>nagpracategory</shortIdentifier><displayName>NAGPRA
        Categories</displayName><vocabType>enum</vocabType></list-item></ns2:abstract-common-list>
  recorded_at: Thu, 04 Sep 2025 21:47:46 GMT
- request:
    method: get
    uri: https://core.dev.collectionspace.org/cspace-services/vocabularies?pgNum=4&pgSz=25&wf_deleted=true
    body:
      encoding: US-ASCII
      string: ''
    headers:
      Accept-Encoding:
      - gzip;q=1.0,deflate;q=0.6,identity;q=0.3
      Accept:
      - "*/*"
      User-Agent:
      - Ruby
      Authorization:
      - Basic YWRtaW5AY29yZS5jb2xsZWN0aW9uc3BhY2Uub3JnOkFkbWluaXN0cmF0b3I=
  response:
    status:
      code: 200
      message: ''
    headers:
      Date:
      - Thu, 04 Sep 2025 21:47:46 GMT
      Content-Type:
      - application/xml
      Transfer-Encoding:
      - chunked
      Connection:
      - keep-alive
      Vary:
      - Access-Control-Request-Headers
      - Access-Control-Request-Method
      - Origin
      Set-Cookie:
      - JSESSIONID=61EE5D9D1B86EBE6C0E924508FC87D9A; Path=/cspace-services; Secure;
        HttpOnly
      X-Content-Type-Options:
      - nosniff
      X-Xss-Protection:
      - 1; mode=block
      Cache-Control:
      - no-cache, no-store, max-age=0, must-revalidate
      Pragma:
      - no-cache
      Expires:
      - '0'
      Strict-Transport-Security:
      - max-age=31536000 ; includeSubDomains
      X-Frame-Options:
      - DENY
    body:
      encoding: UTF-8
      string: <?xml version="1.0" encoding="UTF-8" standalone="yes"?><ns2:abstract-common-list
        xmlns:ns2="http://collectionspace.org/services/jaxb"><pageNum>4</pageNum><pageSize>25</pageSize><itemsInPage>25</itemsInPage><totalItems>177</totalItems><fieldsReturned>csid|uri|refName|updatedAt|workflowState|rev|shortIdentifier|sas|displayName|vocabType</fieldsReturned><list-item><csid>80b1ad79-d8b4-4cfe-b61f</csid><uri>/vocabularies/80b1ad79-d8b4-4cfe-b61f</uri><refName>urn:cspace:core.collectionspace.org:vocabularies:name(graveassoccode)'Grave
        Association Codes'</refName><updatedAt>2025-03-04T19:46:31.194Z</updatedAt><workflowState>project</workflowState><rev>5</rev><shortIdentifier>graveassoccode</shortIdentifier><displayName>Grave
        Association Codes</displayName><vocabType>enum</vocabType></list-item><list-item><csid>840c29e4-8c9c-4c33-98f9</csid><uri>/vocabularies/840c29e4-8c9c-4c33-98f9</uri><refName>urn:cspace:core.collectionspace.org:vocabularies:name(nagprainventory)'NAGPRA
        Inventories'</refName><updatedAt>2025-03-04T19:46:31.480Z</updatedAt><workflowState>project</workflowState><rev>6</rev><shortIdentifier>nagprainventory</shortIdentifier><displayName>NAGPRA
        Inventories</displayName><vocabType>enum</vocabType></list-item><list-item><csid>cb59bf1b-9f2c-4529-ac94</csid><uri>/vocabularies/cb59bf1b-9f2c-4529-ac94</uri><refName>urn:cspace:core.collectionspace.org:vocabularies:name(rapidprototypingprocesses)'Rapid
        Prototyping Processes'</refName><updatedAt>2025-03-04T19:45:58.920Z</updatedAt><workflowState>project</workflowState><rev>12</rev><shortIdentifier>rapidprototypingprocesses</shortIdentifier><displayName>Rapid
        Prototyping Processes</displayName><vocabType>enum</vocabType></list-item><list-item><csid>753230ab-ca27-49e9-99fb</csid><uri>/vocabularies/753230ab-ca27-49e9-99fb</uri><refName>urn:cspace:core.collectionspace.org:vocabularies:name(surfacingprocesses)'Surfacing
        Processes'</refName><updatedAt>2025-03-04T19:45:59.576Z</updatedAt><workflowState>project</workflowState><rev>18</rev><shortIdentifier>surfacingprocesses</shortIdentifier><displayName>Surfacing
        Processes</displayName><vocabType>enum</vocabType></list-item><list-item><csid>10bca3cd-a042-47ed-af1e</csid><uri>/vocabularies/10bca3cd-a042-47ed-af1e</uri><refName>urn:cspace:core.collectionspace.org:vocabularies:name(additionalprocesses)'Additional
        Processes'</refName><updatedAt>2025-03-04T19:46:00.629Z</updatedAt><workflowState>project</workflowState><rev>11</rev><shortIdentifier>additionalprocesses</shortIdentifier><displayName>Additional
        Processes</displayName><vocabType>enum</vocabType></list-item><list-item><csid>0cf156ad-8b4e-4a82-8e20</csid><uri>/vocabularies/0cf156ad-8b4e-4a82-8e20</uri><refName>urn:cspace:core.collectionspace.org:vocabularies:name(addresstype)'Address
        Types'</refName><updatedAt>2025-03-04T19:46:01.254Z</updatedAt><workflowState>project</workflowState><rev>4</rev><shortIdentifier>addresstype</shortIdentifier><displayName>Address
        Types</displayName><vocabType>enum</vocabType></list-item><list-item><csid>93b131f0-4a36-4b51-b525</csid><uri>/vocabularies/93b131f0-4a36-4b51-b525</uri><refName>urn:cspace:core.collectionspace.org:vocabularies:name(deaccessionapprovalgroup)'Approval
        Group'</refName><updatedAt>2025-03-04T19:46:01.529Z</updatedAt><workflowState>project</workflowState><rev>3</rev><shortIdentifier>deaccessionapprovalgroup</shortIdentifier><displayName>Approval
        Group</displayName><vocabType>enum</vocabType></list-item><list-item><csid>69baef3d-0570-4988-8474</csid><uri>/vocabularies/69baef3d-0570-4988-8474</uri><refName>urn:cspace:core.collectionspace.org:vocabularies:name(deaccessionapprovalstatus)'Approval
        Status'</refName><updatedAt>2025-03-04T19:46:01.754Z</updatedAt><workflowState>project</workflowState><rev>8</rev><shortIdentifier>deaccessionapprovalstatus</shortIdentifier><displayName>Approval
        Status</displayName><vocabType>enum</vocabType></list-item><list-item><csid>bb2b699b-fce0-4790-a81b</csid><uri>/vocabularies/bb2b699b-fce0-4790-a81b</uri><refName>urn:cspace:core.collectionspace.org:vocabularies:name(disposalmethod)'Disposal
        Method'</refName><updatedAt>2025-03-04T19:46:02.220Z</updatedAt><workflowState>project</workflowState><rev>8</rev><shortIdentifier>disposalmethod</shortIdentifier><displayName>Disposal
        Method</displayName><vocabType>enum</vocabType></list-item><list-item><csid>9878a5fe-2c3d-423a-a677</csid><uri>/vocabularies/9878a5fe-2c3d-423a-a677</uri><refName>urn:cspace:core.collectionspace.org:vocabularies:name(contactrole)'Contact
        Person Roles'</refName><updatedAt>2025-03-04T19:46:02.695Z</updatedAt><workflowState>project</workflowState><rev>3</rev><shortIdentifier>contactrole</shortIdentifier><displayName>Contact
        Person Roles</displayName><vocabType>enum</vocabType></list-item><list-item><csid>30d7605b-897b-4f98-8b1d</csid><uri>/vocabularies/30d7605b-897b-4f98-8b1d</uri><refName>urn:cspace:core.collectionspace.org:vocabularies:name(uocstaffroles)'Use
        of Collections Staff Roles'</refName><updatedAt>2025-03-04T19:46:03.269Z</updatedAt><workflowState>project</workflowState><rev>3</rev><shortIdentifier>uocstaffroles</shortIdentifier><displayName>Use
        of Collections Staff Roles</displayName><vocabType>enum</vocabType></list-item><list-item><csid>f66f9184-6624-40ba-ae98</csid><uri>/vocabularies/f66f9184-6624-40ba-ae98</uri><refName>urn:cspace:core.collectionspace.org:vocabularies:name(uocprojectid)'Use
        of Collections Project Identification Numbers'</refName><updatedAt>2025-03-04T19:46:04.237Z</updatedAt><workflowState>project</workflowState><rev>0</rev><shortIdentifier>uocprojectid</shortIdentifier><displayName>Use
        of Collections Project Identification Numbers</displayName><vocabType>enum</vocabType></list-item><list-item><csid>22ec6eed-bf22-4ab2-bd1a</csid><uri>/vocabularies/22ec6eed-bf22-4ab2-bd1a</uri><refName>urn:cspace:core.collectionspace.org:vocabularies:name(uocsubcollections)'Use
        of Collections Subcollections'</refName><updatedAt>2025-03-04T19:46:04.285Z</updatedAt><workflowState>project</workflowState><rev>3</rev><shortIdentifier>uocsubcollections</shortIdentifier><displayName>Use
        of Collections Subcollections</displayName><vocabType>enum</vocabType></list-item><list-item><csid>6da764aa-ef4a-4e2d-b151</csid><uri>/vocabularies/6da764aa-ef4a-4e2d-b151</uri><refName>urn:cspace:core.collectionspace.org:vocabularies:name(transportcosttype)'Transport
        Cost Type'</refName><updatedAt>2025-03-04T19:46:04.479Z</updatedAt><workflowState>project</workflowState><rev>3</rev><shortIdentifier>transportcosttype</shortIdentifier><displayName>Transport
        Cost Type</displayName><vocabType>enum</vocabType></list-item><list-item><csid>15dffcc3-75ad-4a1e-bbf0</csid><uri>/vocabularies/15dffcc3-75ad-4a1e-bbf0</uri><refName>urn:cspace:core.collectionspace.org:vocabularies:name(transportresponsibleparty)'Transport
        Cost Responsbile Party'</refName><updatedAt>2025-03-04T19:46:04.700Z</updatedAt><workflowState>project</workflowState><rev>3</rev><shortIdentifier>transportresponsibleparty</shortIdentifier><displayName>Transport
        Cost Responsbile Party</displayName><vocabType>enum</vocabType></list-item><list-item><csid>1d48f5a6-d52d-440d-b05f</csid><uri>/vocabularies/1d48f5a6-d52d-440d-b05f</uri><refName>urn:cspace:core.collectionspace.org:vocabularies:name(transportadditionalcosttype)'Transport
        Additional Cost Type'</refName><updatedAt>2025-03-04T19:46:04.895Z</updatedAt><workflowState>project</workflowState><rev>7</rev><shortIdentifier>transportadditionalcosttype</shortIdentifier><displayName>Transport
        Additional Cost Type</displayName><vocabType>enum</vocabType></list-item><list-item><csid>33b690e9-18b1-4e19-9390</csid><uri>/vocabularies/33b690e9-18b1-4e19-9390</uri><refName>urn:cspace:core.collectionspace.org:vocabularies:name(annotationtype)'Annotation
        Type'</refName><updatedAt>2025-07-25T22:54:59.381Z</updatedAt><workflowState>project</workflowState><rev>123</rev><shortIdentifier>annotationtype</shortIdentifier><displayName>Annotation
        Type</displayName><vocabType>enum</vocabType></list-item><list-item><csid>1a7ed743-3fe6-4f67-b24a</csid><uri>/vocabularies/1a7ed743-3fe6-4f67-b24a</uri><refName>urn:cspace:core.collectionspace.org:vocabularies:name(insurancetype)'Insurance/Indemnity
        Type'</refName><updatedAt>2025-03-04T19:46:05.864Z</updatedAt><workflowState>project</workflowState><rev>3</rev><shortIdentifier>insurancetype</shortIdentifier><displayName>Insurance/Indemnity
        Type</displayName><vocabType>enum</vocabType></list-item><list-item><csid>9c02631b-c160-41fc-aedc</csid><uri>/vocabularies/9c02631b-c160-41fc-aedc</uri><refName>urn:cspace:core.collectionspace.org:vocabularies:name(insurancestatus)'Insurance/Indemnity
        Status'</refName><updatedAt>2025-03-04T19:46:06.064Z</updatedAt><workflowState>project</workflowState><rev>5</rev><shortIdentifier>insurancestatus</shortIdentifier><displayName>Insurance/Indemnity
        Status</displayName><vocabType>enum</vocabType></list-item><list-item><csid>b35dd48d-3fc0-474a-86ec</csid><uri>/vocabularies/b35dd48d-3fc0-474a-86ec</uri><refName>urn:cspace:core.collectionspace.org:vocabularies:name(assignedsignificance)'Assigned
        Significance'</refName><updatedAt>2025-03-04T19:46:06.383Z</updatedAt><workflowState>project</workflowState><rev>7</rev><shortIdentifier>assignedsignificance</shortIdentifier><displayName>Assigned
        Significance</displayName><vocabType>enum</vocabType></list-item><list-item><csid>31fb765d-3c99-4adb-89e0</csid><uri>/vocabularies/31fb765d-3c99-4adb-89e0</uri><refName>urn:cspace:core.collectionspace.org:vocabularies:name(vmcomponentstatus)'Variable
        Media Component Status'</refName><updatedAt>2025-03-04T19:46:06.954Z</updatedAt><workflowState>project</workflowState><rev>10</rev><shortIdentifier>vmcomponentstatus</shortIdentifier><displayName>Variable
        Media Component Status</displayName><vocabType>enum</vocabType></list-item><list-item><csid>eae9986c-7e53-4eaa-81a9</csid><uri>/vocabularies/eae9986c-7e53-4eaa-81a9</uri><refName>urn:cspace:core.collectionspace.org:vocabularies:name(credentialtype)'Credential
        Type'</refName><updatedAt>2025-03-04T19:46:07.561Z</updatedAt><workflowState>project</workflowState><rev>4</rev><shortIdentifier>credentialtype</shortIdentifier><displayName>Credential
        Type</displayName><vocabType>enum</vocabType></list-item><list-item><csid>57cc77d2-ad8e-4f0a-bdd8</csid><uri>/vocabularies/57cc77d2-ad8e-4f0a-bdd8</uri><refName>urn:cspace:core.collectionspace.org:vocabularies:name(distributedledgertype)'Distributed
        Ledger Type'</refName><updatedAt>2025-03-04T19:46:07.841Z</updatedAt><workflowState>project</workflowState><rev>2</rev><shortIdentifier>distributedledgertype</shortIdentifier><displayName>Distributed
        Ledger Type</displayName><vocabType>enum</vocabType></list-item><list-item><csid>9d5275fe-6ac5-4f9c-8136</csid><uri>/vocabularies/9d5275fe-6ac5-4f9c-8136</uri><refName>urn:cspace:core.collectionspace.org:vocabularies:name(ledgertype)'Ledger
        Type'</refName><updatedAt>2025-03-04T19:46:08.018Z</updatedAt><workflowState>project</workflowState><rev>5</rev><shortIdentifier>ledgertype</shortIdentifier><displayName>Ledger
        Type</displayName><vocabType>enum</vocabType></list-item><list-item><csid>b1e799a0-d359-45ab-a298</csid><uri>/vocabularies/b1e799a0-d359-45ab-a298</uri><refName>urn:cspace:core.collectionspace.org:vocabularies:name(programminglanguage)'Programming
        Languages'</refName><updatedAt>2025-03-04T19:46:08.345Z</updatedAt><workflowState>project</workflowState><rev>10</rev><shortIdentifier>programminglanguage</shortIdentifier><displayName>Programming
        Languages</displayName><vocabType>enum</vocabType></list-item></ns2:abstract-common-list>
  recorded_at: Thu, 04 Sep 2025 21:47:46 GMT
- request:
    method: get
    uri: https://core.dev.collectionspace.org/cspace-services/vocabularies?pgNum=5&pgSz=25&wf_deleted=true
    body:
      encoding: US-ASCII
      string: ''
    headers:
      Accept-Encoding:
      - gzip;q=1.0,deflate;q=0.6,identity;q=0.3
      Accept:
      - "*/*"
      User-Agent:
      - Ruby
      Authorization:
      - Basic YWRtaW5AY29yZS5jb2xsZWN0aW9uc3BhY2Uub3JnOkFkbWluaXN0cmF0b3I=
  response:
    status:
      code: 200
      message: ''
    headers:
      Date:
      - Thu, 04 Sep 2025 21:47:47 GMT
      Content-Type:
      - application/xml
      Transfer-Encoding:
      - chunked
      Connection:
      - keep-alive
      Vary:
      - Access-Control-Request-Headers
      - Access-Control-Request-Method
      - Origin
      Set-Cookie:
      - JSESSIONID=99870BB1D8A4D1254EC39B098F3C272D; Path=/cspace-services; Secure;
        HttpOnly
      X-Content-Type-Options:
      - nosniff
      X-Xss-Protection:
      - 1; mode=block
      Cache-Control:
      - no-cache, no-store, max-age=0, must-revalidate
      Pragma:
      - no-cache
      Expires:
      - '0'
      Strict-Transport-Security:
      - max-age=31536000 ; includeSubDomains
      X-Frame-Options:
      - DENY
    body:
      encoding: UTF-8
      string: <?xml version="1.0" encoding="UTF-8" standalone="yes"?><ns2:abstract-common-list
        xmlns:ns2="http://collectionspace.org/services/jaxb"><pageNum>5</pageNum><pageSize>25</pageSize><itemsInPage>25</itemsInPage><totalItems>177</totalItems><fieldsReturned>csid|uri|refName|updatedAt|workflowState|rev|shortIdentifier|sas|displayName|vocabType</fieldsReturned><list-item><csid>2adeda3b-9e9c-4f57-a15c</csid><uri>/vocabularies/2adeda3b-9e9c-4f57-a15c</uri><refName>urn:cspace:core.collectionspace.org:vocabularies:name(compilers)'Compilers'</refName><updatedAt>2025-03-04T19:46:08.928Z</updatedAt><workflowState>project</workflowState><rev>3</rev><shortIdentifier>compilers</shortIdentifier><displayName>Compilers</displayName><vocabType>enum</vocabType></list-item><list-item><csid>c81a3f49-39f0-4699-b5a1</csid><uri>/vocabularies/c81a3f49-39f0-4699-b5a1</uri><refName>urn:cspace:core.collectionspace.org:vocabularies:name(utilizedsoftware)'Utilized
        Software'</refName><updatedAt>2025-03-04T19:46:09.159Z</updatedAt><workflowState>project</workflowState><rev>3</rev><shortIdentifier>utilizedsoftware</shortIdentifier><displayName>Utilized
        Software</displayName><vocabType>enum</vocabType></list-item><list-item><csid>294e1844-3f83-4b20-89b8</csid><uri>/vocabularies/294e1844-3f83-4b20-89b8</uri><refName>urn:cspace:core.collectionspace.org:vocabularies:name(operatingsystems)'Operating
        Systems'</refName><updatedAt>2025-03-04T19:46:09.360Z</updatedAt><workflowState>project</workflowState><rev>3</rev><shortIdentifier>operatingsystems</shortIdentifier><displayName>Operating
        Systems</displayName><vocabType>enum</vocabType></list-item><list-item><csid>0c11817a-7cbe-4af2-b16d</csid><uri>/vocabularies/0c11817a-7cbe-4af2-b16d</uri><refName>urn:cspace:core.collectionspace.org:vocabularies:name(webbrowsers)'Web
        Browsers'</refName><updatedAt>2025-03-04T19:46:09.578Z</updatedAt><workflowState>project</workflowState><rev>6</rev><shortIdentifier>webbrowsers</shortIdentifier><displayName>Web
        Browsers</displayName><vocabType>enum</vocabType></list-item><list-item><csid>91f2798c-d15f-4338-a79f</csid><uri>/vocabularies/91f2798c-d15f-4338-a79f</uri><refName>urn:cspace:core.collectionspace.org:vocabularies:name(softwarelibraries)'Software
        Libraries'</refName><updatedAt>2025-03-04T19:46:09.921Z</updatedAt><workflowState>project</workflowState><rev>6</rev><shortIdentifier>softwarelibraries</shortIdentifier><displayName>Software
        Libraries</displayName><vocabType>enum</vocabType></list-item><list-item><csid>29e50aa8-222e-4f5f-bfb3</csid><uri>/vocabularies/29e50aa8-222e-4f5f-bfb3</uri><refName>urn:cspace:core.collectionspace.org:vocabularies:name(connectiontype)'Connection
        Type'</refName><updatedAt>2025-03-04T19:46:10.316Z</updatedAt><workflowState>project</workflowState><rev>3</rev><shortIdentifier>connectiontype</shortIdentifier><displayName>Connection
        Type</displayName><vocabType>enum</vocabType></list-item><list-item><csid>ae4532c1-8173-420d-a2f2</csid><uri>/vocabularies/ae4532c1-8173-420d-a2f2</uri><refName>urn:cspace:core.collectionspace.org:vocabularies:name(domaintype)'Domain
        Type'</refName><updatedAt>2025-03-04T19:46:10.539Z</updatedAt><workflowState>project</workflowState><rev>2</rev><shortIdentifier>domaintype</shortIdentifier><displayName>Domain
        Type</displayName><vocabType>enum</vocabType></list-item><list-item><csid>b9642a96-0232-45a5-a261</csid><uri>/vocabularies/b9642a96-0232-45a5-a261</uri><refName>urn:cspace:core.collectionspace.org:vocabularies:name(interactingapplication)'Interacting
        Application'</refName><updatedAt>2025-03-04T19:46:10.686Z</updatedAt><workflowState>project</workflowState><rev>6</rev><shortIdentifier>interactingapplication</shortIdentifier><displayName>Interacting
        Application</displayName><vocabType>enum</vocabType></list-item><list-item><csid>3b6b595a-34a9-4318-a2ad</csid><uri>/vocabularies/3b6b595a-34a9-4318-a2ad</uri><refName>urn:cspace:core.collectionspace.org:vocabularies:name(formattypenames)'Format
        Types'</refName><updatedAt>2025-03-04T19:46:11.056Z</updatedAt><workflowState>project</workflowState><rev>3</rev><shortIdentifier>formattypenames</shortIdentifier><displayName>Format
        Types</displayName><vocabType>enum</vocabType></list-item><list-item><csid>345f8519-33ac-4bac-a8b4</csid><uri>/vocabularies/345f8519-33ac-4bac-a8b4</uri><refName>urn:cspace:core.collectionspace.org:vocabularies:name(formats)'Formats'</refName><updatedAt>2025-03-04T19:46:11.280Z</updatedAt><workflowState>project</workflowState><rev>2</rev><shortIdentifier>formats</shortIdentifier><displayName>Formats</displayName><vocabType>enum</vocabType></list-item><list-item><csid>fc1fe2bd-b358-4f2f-a648</csid><uri>/vocabularies/fc1fe2bd-b358-4f2f-a648</uri><refName>urn:cspace:core.collectionspace.org:vocabularies:name(iterationrole)'Iteration
        Creator/Supervisor Role'</refName><updatedAt>2025-03-04T19:46:13.775Z</updatedAt><workflowState>project</workflowState><rev>8</rev><shortIdentifier>iterationrole</shortIdentifier><displayName>Iteration
        Creator/Supervisor Role</displayName><vocabType>enum</vocabType></list-item><list-item><csid>d6df30bc-fd00-47b8-acda</csid><uri>/vocabularies/d6df30bc-fd00-47b8-acda</uri><refName>urn:cspace:core.collectionspace.org:vocabularies:name(filecodecs)'File
        Codecs'</refName><updatedAt>2025-03-04T19:46:11.425Z</updatedAt><workflowState>project</workflowState><rev>5</rev><shortIdentifier>filecodecs</shortIdentifier><displayName>File
        Codecs</displayName><vocabType>enum</vocabType></list-item><list-item><csid>3ab9eb47-5e70-4ed8-9ab7</csid><uri>/vocabularies/3ab9eb47-5e70-4ed8-9ab7</uri><refName>urn:cspace:core.collectionspace.org:vocabularies:name(compressionstandards)'Compression
        Standards'</refName><updatedAt>2025-03-04T19:46:11.747Z</updatedAt><workflowState>project</workflowState><rev>6</rev><shortIdentifier>compressionstandards</shortIdentifier><displayName>Compression
        Standards</displayName><vocabType>enum</vocabType></list-item><list-item><csid>18e17d9f-19a7-4802-805b</csid><uri>/vocabularies/18e17d9f-19a7-4802-805b</uri><refName>urn:cspace:core.collectionspace.org:vocabularies:name(filecontainers)'File
        Containers'</refName><updatedAt>2025-03-04T19:46:12.112Z</updatedAt><workflowState>project</workflowState><rev>4</rev><shortIdentifier>filecontainers</shortIdentifier><displayName>File
        Containers</displayName><vocabType>enum</vocabType></list-item><list-item><csid>9c3ed69d-a9a5-4976-ae0e</csid><uri>/vocabularies/9c3ed69d-a9a5-4976-ae0e</uri><refName>urn:cspace:core.collectionspace.org:vocabularies:name(audiotypes)'Audio
        Types'</refName><updatedAt>2025-03-04T19:46:12.356Z</updatedAt><workflowState>project</workflowState><rev>7</rev><shortIdentifier>audiotypes</shortIdentifier><displayName>Audio
        Types</displayName><vocabType>enum</vocabType></list-item><list-item><csid>2c8e3405-f971-4ebf-b552</csid><uri>/vocabularies/2c8e3405-f971-4ebf-b552</uri><refName>urn:cspace:core.collectionspace.org:vocabularies:name(audiopreferences)'Audio
        Preferences'</refName><updatedAt>2025-03-04T19:46:12.767Z</updatedAt><workflowState>project</workflowState><rev>2</rev><shortIdentifier>audiopreferences</shortIdentifier><displayName>Audio
        Preferences</displayName><vocabType>enum</vocabType></list-item><list-item><csid>b4bf6571-dc66-4273-9b9a</csid><uri>/vocabularies/b4bf6571-dc66-4273-9b9a</uri><refName>urn:cspace:core.collectionspace.org:vocabularies:name(aspectratios)'Aspect
        Ratios'</refName><updatedAt>2025-03-04T19:46:12.942Z</updatedAt><workflowState>project</workflowState><rev>3</rev><shortIdentifier>aspectratios</shortIdentifier><displayName>Aspect
        Ratios</displayName><vocabType>enum</vocabType></list-item><list-item><csid>3e5eaf63-d559-4c73-9536</csid><uri>/vocabularies/3e5eaf63-d559-4c73-9536</uri><refName>urn:cspace:core.collectionspace.org:vocabularies:name(aspectratiotypes)'Aspect
        Ratio Types'</refName><updatedAt>2025-03-04T19:46:13.137Z</updatedAt><workflowState>project</workflowState><rev>2</rev><shortIdentifier>aspectratiotypes</shortIdentifier><displayName>Aspect
        Ratio Types</displayName><vocabType>enum</vocabType></list-item><list-item><csid>b3188128-454d-41df-a59f</csid><uri>/vocabularies/b3188128-454d-41df-a59f</uri><refName>urn:cspace:core.collectionspace.org:vocabularies:name(colorspaces)'Color
        Spaces'</refName><updatedAt>2025-03-04T19:46:13.308Z</updatedAt><workflowState>project</workflowState><rev>4</rev><shortIdentifier>colorspaces</shortIdentifier><displayName>Color
        Spaces</displayName><vocabType>enum</vocabType></list-item><list-item><csid>1f595c76-5861-4c40-982b</csid><uri>/vocabularies/1f595c76-5861-4c40-982b</uri><refName>urn:cspace:core.collectionspace.org:vocabularies:name(colortypes)'Color
        Types'</refName><updatedAt>2025-03-04T19:46:13.553Z</updatedAt><workflowState>project</workflowState><rev>3</rev><shortIdentifier>colortypes</shortIdentifier><displayName>Color
        Types</displayName><vocabType>enum</vocabType></list-item><list-item><csid>22dc647c-836b-4beb-b3e2</csid><uri>/vocabularies/22dc647c-836b-4beb-b3e2</uri><refName>urn:cspace:core.collectionspace.org:vocabularies:name(installerrole)'Installer
        Role'</refName><updatedAt>2025-03-04T19:46:14.243Z</updatedAt><workflowState>project</workflowState><rev>8</rev><shortIdentifier>installerrole</shortIdentifier><displayName>Installer
        Role</displayName><vocabType>enum</vocabType></list-item><list-item><csid>bc25d3a7-8b9a-414e-a10b</csid><uri>/vocabularies/bc25d3a7-8b9a-414e-a10b</uri><refName>urn:cspace:core.collectionspace.org:vocabularies:name(artistpresence)'Artist
        Presence'</refName><updatedAt>2025-03-04T19:46:14.702Z</updatedAt><workflowState>project</workflowState><rev>2</rev><shortIdentifier>artistpresence</shortIdentifier><displayName>Artist
        Presence</displayName><vocabType>enum</vocabType></list-item><list-item><csid>0d112e75-2dad-4c32-9aec</csid><uri>/vocabularies/0d112e75-2dad-4c32-9aec</uri><refName>urn:cspace:core.collectionspace.org:vocabularies:name(iterationspacetype)'Iteration
        Space Type'</refName><updatedAt>2025-03-04T19:46:14.875Z</updatedAt><workflowState>project</workflowState><rev>8</rev><shortIdentifier>iterationspacetype</shortIdentifier><displayName>Iteration
        Space Type</displayName><vocabType>enum</vocabType></list-item><list-item><csid>32145073-ac2a-41c0-a079</csid><uri>/vocabularies/32145073-ac2a-41c0-a079</uri><refName>urn:cspace:core.collectionspace.org:vocabularies:name(techsetuptype)'Technical
        Setup Type'</refName><updatedAt>2025-03-04T19:46:15.363Z</updatedAt><workflowState>project</workflowState><rev>7</rev><shortIdentifier>techsetuptype</shortIdentifier><displayName>Technical
        Setup Type</displayName><vocabType>enum</vocabType></list-item><list-item><csid>3854cd66-50b0-4f73-9c9e</csid><uri>/vocabularies/3854cd66-50b0-4f73-9c9e</uri><refName>urn:cspace:core.collectionspace.org:vocabularies:name(maintenancetype)'Maintenance
        Type'</refName><updatedAt>2025-03-04T19:46:15.783Z</updatedAt><workflowState>project</workflowState><rev>5</rev><shortIdentifier>maintenancetype</shortIdentifier><displayName>Maintenance
        Type</displayName><vocabType>enum</vocabType></list-item></ns2:abstract-common-list>
  recorded_at: Thu, 04 Sep 2025 21:47:46 GMT
- request:
    method: get
    uri: https://core.dev.collectionspace.org/cspace-services/vocabularies?pgNum=6&pgSz=25&wf_deleted=true
    body:
      encoding: US-ASCII
      string: ''
    headers:
      Accept-Encoding:
      - gzip;q=1.0,deflate;q=0.6,identity;q=0.3
      Accept:
      - "*/*"
      User-Agent:
      - Ruby
      Authorization:
      - Basic YWRtaW5AY29yZS5jb2xsZWN0aW9uc3BhY2Uub3JnOkFkbWluaXN0cmF0b3I=
  response:
    status:
      code: 200
      message: ''
    headers:
      Date:
      - Thu, 04 Sep 2025 21:47:47 GMT
      Content-Type:
      - application/xml
      Transfer-Encoding:
      - chunked
      Connection:
      - keep-alive
      Vary:
      - Access-Control-Request-Headers
      - Access-Control-Request-Method
      - Origin
      Set-Cookie:
      - JSESSIONID=0C02AF75E1E32BC8823AF5BA7EE61293; Path=/cspace-services; Secure;
        HttpOnly
      X-Content-Type-Options:
      - nosniff
      X-Xss-Protection:
      - 1; mode=block
      Cache-Control:
      - no-cache, no-store, max-age=0, must-revalidate
      Pragma:
      - no-cache
      Expires:
      - '0'
      Strict-Transport-Security:
      - max-age=31536000 ; includeSubDomains
      X-Frame-Options:
      - DENY
    body:
      encoding: UTF-8
      string: <?xml version="1.0" encoding="UTF-8" standalone="yes"?><ns2:abstract-common-list
        xmlns:ns2="http://collectionspace.org/services/jaxb"><pageNum>6</pageNum><pageSize>25</pageSize><itemsInPage>25</itemsInPage><totalItems>177</totalItems><fieldsReturned>csid|uri|refName|updatedAt|workflowState|rev|shortIdentifier|sas|displayName|vocabType</fieldsReturned><list-item><csid>b4df0d89-c27b-4c70-a49a</csid><uri>/vocabularies/b4df0d89-c27b-4c70-a49a</uri><refName>urn:cspace:core.collectionspace.org:vocabularies:name(securityrequirements)'Security
        Requirements'</refName><updatedAt>2025-03-04T19:46:16.095Z</updatedAt><workflowState>project</workflowState><rev>5</rev><shortIdentifier>securityrequirements</shortIdentifier><displayName>Security
        Requirements</displayName><vocabType>enum</vocabType></list-item><list-item><csid>28584083-d3c3-4b52-b39b</csid><uri>/vocabularies/28584083-d3c3-4b52-b39b</uri><refName>urn:cspace:core.collectionspace.org:vocabularies:name(softwareattributes)'Software/Web
        Attributes'</refName><updatedAt>2025-03-04T19:46:16.384Z</updatedAt><workflowState>project</workflowState><rev>2</rev><shortIdentifier>softwareattributes</shortIdentifier><displayName>Software/Web
        Attributes</displayName><vocabType>enum</vocabType></list-item><list-item><csid>2b06369e-d9bc-4246-8bfa</csid><uri>/vocabularies/2b06369e-d9bc-4246-8bfa</uri><refName>urn:cspace:core.collectionspace.org:vocabularies:name(softwareattributeunits)'Software/Web
        Attribute Units'</refName><updatedAt>2025-03-04T19:46:16.556Z</updatedAt><workflowState>project</workflowState><rev>7</rev><shortIdentifier>softwareattributeunits</shortIdentifier><displayName>Software/Web
        Attribute Units</displayName><vocabType>enum</vocabType></list-item><list-item><csid>e37c5698-6729-4c28-bd79</csid><uri>/vocabularies/e37c5698-6729-4c28-bd79</uri><refName>urn:cspace:core.collectionspace.org:vocabularies:name(avattributes)'Audio/Video
        Technical Attributes'</refName><updatedAt>2025-03-04T19:46:16.980Z</updatedAt><workflowState>project</workflowState><rev>6</rev><shortIdentifier>avattributes</shortIdentifier><displayName>Audio/Video
        Technical Attributes</displayName><vocabType>enum</vocabType></list-item><list-item><csid>00e57c61-7dd8-48ed-8b57</csid><uri>/vocabularies/00e57c61-7dd8-48ed-8b57</uri><refName>urn:cspace:core.collectionspace.org:vocabularies:name(avattributeunits)'Audio/Video
        Attribute Units'</refName><updatedAt>2025-03-04T19:46:17.354Z</updatedAt><workflowState>project</workflowState><rev>14</rev><shortIdentifier>avattributeunits</shortIdentifier><displayName>Audio/Video
        Attribute Units</displayName><vocabType>enum</vocabType></list-item><list-item><csid>0fecc98b-fd33-4801-b29a</csid><uri>/vocabularies/0fecc98b-fd33-4801-b29a</uri><refName>urn:cspace:core.collectionspace.org:vocabularies:name(chromasubsampling)'Chroma
        Subsampling'</refName><updatedAt>2025-03-04T19:46:18.151Z</updatedAt><workflowState>project</workflowState><rev>7</rev><shortIdentifier>chromasubsampling</shortIdentifier><displayName>Chroma
        Subsampling</displayName><vocabType>enum</vocabType></list-item><list-item><csid>33100e94-c67f-4de4-bfbc</csid><uri>/vocabularies/33100e94-c67f-4de4-bfbc</uri><refName>urn:cspace:core.collectionspace.org:vocabularies:name(checksumtypes)'Checksum
        Types'</refName><updatedAt>2025-03-04T19:46:18.556Z</updatedAt><workflowState>project</workflowState><rev>2</rev><shortIdentifier>checksumtypes</shortIdentifier><displayName>Checksum
        Types</displayName><vocabType>enum</vocabType></list-item><list-item><csid>38cb46c1-2c25-46fd-893f</csid><uri>/vocabularies/38cb46c1-2c25-46fd-893f</uri><refName>urn:cspace:core.collectionspace.org:vocabularies:name(suppliedgender)'Supplied
        Gender'</refName><updatedAt>2025-03-04T19:46:18.701Z</updatedAt><workflowState>project</workflowState><rev>18</rev><shortIdentifier>suppliedgender</shortIdentifier><displayName>Supplied
        Gender</displayName><vocabType>enum</vocabType></list-item><list-item><csid>2a7efd39-21b9-446d-ac95</csid><uri>/vocabularies/2a7efd39-21b9-446d-ac95</uri><refName>urn:cspace:core.collectionspace.org:vocabularies:name(suppliedpronoun)'Supplied
        Pronoun'</refName><updatedAt>2025-03-04T19:46:19.663Z</updatedAt><workflowState>project</workflowState><rev>6</rev><shortIdentifier>suppliedpronoun</shortIdentifier><displayName>Supplied
        Pronoun</displayName><vocabType>enum</vocabType></list-item><list-item><csid>046c7c7f-d70a-44db-abf5</csid><uri>/vocabularies/046c7c7f-d70a-44db-abf5</uri><refName>urn:cspace:core.collectionspace.org:vocabularies:name(suppliedethnicity)'Supplied
        Ethnicity'</refName><updatedAt>2025-03-04T19:46:20.531Z</updatedAt><workflowState>project</workflowState><rev>6</rev><shortIdentifier>suppliedethnicity</shortIdentifier><displayName>Supplied
        Ethnicity</displayName><vocabType>enum</vocabType></list-item><list-item><csid>c86b67e8-c02b-42bb-a3dd</csid><uri>/vocabularies/c86b67e8-c02b-42bb-a3dd</uri><refName>urn:cspace:core.collectionspace.org:vocabularies:name(suppliedsexuality)'Supplied
        Sexuality'</refName><updatedAt>2025-03-04T19:46:20.878Z</updatedAt><workflowState>project</workflowState><rev>6</rev><shortIdentifier>suppliedsexuality</shortIdentifier><displayName>Supplied
        Sexuality</displayName><vocabType>enum</vocabType></list-item><list-item><csid>efcc60b4-8996-4cab-8808</csid><uri>/vocabularies/efcc60b4-8996-4cab-8808</uri><refName>urn:cspace:core.collectionspace.org:vocabularies:name(userestriction)'Use
        Restriction'</refName><updatedAt>2025-03-04T19:46:21.254Z</updatedAt><workflowState>project</workflowState><rev>2</rev><shortIdentifier>userestriction</shortIdentifier><displayName>Use
        Restriction</displayName><vocabType>enum</vocabType></list-item><list-item><csid>5be74805-5686-4919-bacd</csid><uri>/vocabularies/5be74805-5686-4919-bacd</uri><refName>urn:cspace:core.collectionspace.org:vocabularies:name(suppliedrace)'Supplied
        Race'</refName><updatedAt>2025-03-04T19:46:20.022Z</updatedAt><workflowState>project</workflowState><rev>8</rev><shortIdentifier>suppliedrace</shortIdentifier><displayName>Supplied
        Race</displayName><vocabType>enum</vocabType></list-item><list-item><csid>487a731e-3227-4609-9dea</csid><uri>/vocabularies/487a731e-3227-4609-9dea</uri><refName>urn:cspace:core.collectionspace.org:vocabularies:name(nagpradetermtype)'NAGPRA
        Determination Types'</refName><updatedAt>2025-03-04T19:46:31.838Z</updatedAt><workflowState>project</workflowState><rev>2</rev><shortIdentifier>nagpradetermtype</shortIdentifier><displayName>NAGPRA
        Determination Types</displayName><vocabType>enum</vocabType></list-item><list-item><csid>93307484-553e-4e93-8aa9</csid><uri>/vocabularies/93307484-553e-4e93-8aa9</uri><refName>urn:cspace:core.collectionspace.org:vocabularies:name(deaccessionreason)'Deaccession
        Reason'</refName><updatedAt>2025-03-04T19:46:32.006Z</updatedAt><workflowState>project</workflowState><rev>6</rev><shortIdentifier>deaccessionreason</shortIdentifier><displayName>Deaccession
        Reason</displayName><vocabType>enum</vocabType></list-item><list-item><csid>c129851e-697e-44e9-b839</csid><uri>/vocabularies/c129851e-697e-44e9-b839</uri><refName>urn:cspace:core.collectionspace.org:vocabularies:name(objexitreason)'Object
        Exit Reasons'</refName><updatedAt>2025-03-04T19:46:32.713Z</updatedAt><workflowState>project</workflowState><rev>4</rev><shortIdentifier>objexitreason</shortIdentifier><displayName>Object
        Exit Reasons</displayName><vocabType>enum</vocabType></list-item><list-item><csid>de67031d-4884-425b-be94</csid><uri>/vocabularies/de67031d-4884-425b-be94</uri><refName>urn:cspace:core.collectionspace.org:vocabularies:name(objectcountunit)'Object
        Count Unit'</refName><updatedAt>2025-03-04T19:46:32.978Z</updatedAt><workflowState>project</workflowState><rev>4</rev><shortIdentifier>objectcountunit</shortIdentifier><displayName>Object
        Count Unit</displayName><vocabType>enum</vocabType></list-item><list-item><csid>10569cbe-82b5-4629-aec4</csid><uri>/vocabularies/10569cbe-82b5-4629-aec4</uri><refName>urn:cspace:core.collectionspace.org:vocabularies:name(objexitagentrole)'Object
        Exit Agent Roles'</refName><updatedAt>2025-03-04T19:46:33.241Z</updatedAt><workflowState>project</workflowState><rev>7</rev><shortIdentifier>objexitagentrole</shortIdentifier><displayName>Object
        Exit Agent Roles</displayName><vocabType>enum</vocabType></list-item><list-item><csid>39181a82-27ab-40eb-92e3</csid><uri>/vocabularies/39181a82-27ab-40eb-92e3</uri><refName>urn:cspace:core.collectionspace.org:vocabularies:name(rightstype)'Rights
        Type'</refName><updatedAt>2025-03-04T19:46:21.431Z</updatedAt><workflowState>project</workflowState><rev>5</rev><shortIdentifier>rightstype</shortIdentifier><displayName>Rights
        Type</displayName><vocabType>enum</vocabType></list-item><list-item><csid>a03103a5-a9b2-4247-ae30</csid><uri>/vocabularies/a03103a5-a9b2-4247-ae30</uri><refName>urn:cspace:core.collectionspace.org:vocabularies:name(standardizedrightstatement)'Standardized
        Right Statement'</refName><updatedAt>2025-03-04T19:46:21.726Z</updatedAt><workflowState>project</workflowState><rev>12</rev><shortIdentifier>standardizedrightstatement</shortIdentifier><displayName>Standardized
        Right Statement</displayName><vocabType>enum</vocabType></list-item><list-item><csid>8a01b9b9-7229-45da-9633</csid><uri>/vocabularies/8a01b9b9-7229-45da-9633</uri><refName>urn:cspace:core.collectionspace.org:vocabularies:name(rightsin)'Rights
        In Type'</refName><updatedAt>2025-03-04T19:46:22.408Z</updatedAt><workflowState>project</workflowState><rev>2</rev><shortIdentifier>rightsin</shortIdentifier><displayName>Rights
        In Type</displayName><vocabType>enum</vocabType></list-item><list-item><csid>07e777ec-881f-4ff6-b095</csid><uri>/vocabularies/07e777ec-881f-4ff6-b095</uri><refName>urn:cspace:core.collectionspace.org:vocabularies:name(rightsinrestriction)'Rights
        In Restriction'</refName><updatedAt>2025-03-04T19:46:22.591Z</updatedAt><workflowState>project</workflowState><rev>3</rev><shortIdentifier>rightsinrestriction</shortIdentifier><displayName>Rights
        In Restriction</displayName><vocabType>enum</vocabType></list-item><list-item><csid>f4b97a1d-82c2-4e13-ab6b</csid><uri>/vocabularies/f4b97a1d-82c2-4e13-ab6b</uri><refName>urn:cspace:core.collectionspace.org:vocabularies:name(chronologytermtype)'Chronology
        Term Type'</refName><updatedAt>2025-03-04T19:46:22.804Z</updatedAt><workflowState>project</workflowState><rev>3</rev><shortIdentifier>chronologytermtype</shortIdentifier><displayName>Chronology
        Term Type</displayName><vocabType>enum</vocabType></list-item><list-item><csid>4f809786-760b-49dc-b836</csid><uri>/vocabularies/4f809786-760b-49dc-b836</uri><refName>urn:cspace:core.collectionspace.org:vocabularies:name(chronologytermflag)'Chronology
        Term Flag'</refName><updatedAt>2025-03-04T19:46:23.025Z</updatedAt><workflowState>project</workflowState><rev>4</rev><shortIdentifier>chronologytermflag</shortIdentifier><displayName>Chronology
        Term Flag</displayName><vocabType>enum</vocabType></list-item><list-item><csid>7b14a161-8c33-4902-bfd5</csid><uri>/vocabularies/7b14a161-8c33-4902-bfd5</uri><refName>urn:cspace:core.collectionspace.org:vocabularies:name(chronologytermstatus)'Chronology
        Term Status'</refName><updatedAt>2025-03-04T19:46:23.267Z</updatedAt><workflowState>project</workflowState><rev>4</rev><shortIdentifier>chronologytermstatus</shortIdentifier><displayName>Chronology
        Term Status</displayName><vocabType>enum</vocabType></list-item></ns2:abstract-common-list>
  recorded_at: Thu, 04 Sep 2025 21:47:47 GMT
- request:
    method: get
    uri: https://core.dev.collectionspace.org/cspace-services/vocabularies?pgNum=7&pgSz=25&wf_deleted=true
    body:
      encoding: US-ASCII
      string: ''
    headers:
      Accept-Encoding:
      - gzip;q=1.0,deflate;q=0.6,identity;q=0.3
      Accept:
      - "*/*"
      User-Agent:
      - Ruby
      Authorization:
      - Basic YWRtaW5AY29yZS5jb2xsZWN0aW9uc3BhY2Uub3JnOkFkbWluaXN0cmF0b3I=
  response:
    status:
      code: 200
      message: ''
    headers:
      Date:
      - Thu, 04 Sep 2025 21:47:47 GMT
      Content-Type:
      - application/xml
      Content-Length:
      - '1307'
      Connection:
      - keep-alive
      Vary:
      - Access-Control-Request-Headers
      - Access-Control-Request-Method
      - Origin
      Set-Cookie:
      - JSESSIONID=C7F398408434011992163E61924BBF19; Path=/cspace-services; Secure;
        HttpOnly
      X-Content-Type-Options:
      - nosniff
      X-Xss-Protection:
      - 1; mode=block
      Cache-Control:
      - no-cache, no-store, max-age=0, must-revalidate
      Pragma:
      - no-cache
      Expires:
      - '0'
      Strict-Transport-Security:
      - max-age=31536000 ; includeSubDomains
      X-Frame-Options:
      - DENY
    body:
      encoding: UTF-8
      string: <?xml version="1.0" encoding="UTF-8" standalone="yes"?><ns2:abstract-common-list
        xmlns:ns2="http://collectionspace.org/services/jaxb"><pageNum>7</pageNum><pageSize>25</pageSize><itemsInPage>2</itemsInPage><totalItems>177</totalItems><fieldsReturned>csid|uri|refName|updatedAt|workflowState|rev|shortIdentifier|sas|displayName|vocabType</fieldsReturned><list-item><csid>3b947c5b-be48-4e0e-859f</csid><uri>/vocabularies/3b947c5b-be48-4e0e-859f</uri><refName>urn:cspace:core.collectionspace.org:vocabularies:name(chronologyhistoricalstatus)'Chronology
        Historical Status'</refName><updatedAt>2025-03-04T19:46:23.538Z</updatedAt><workflowState>project</workflowState><rev>3</rev><shortIdentifier>chronologyhistoricalstatus</shortIdentifier><displayName>Chronology
        Historical Status</displayName><vocabType>enum</vocabType></list-item><list-item><csid>354a5527-b228-4c22-9c32</csid><uri>/vocabularies/354a5527-b228-4c22-9c32</uri><refName>urn:cspace:core.collectionspace.org:vocabularies:name(chronologytypes)'Chronology
        Authority Types'</refName><updatedAt>2025-03-04T19:46:23.730Z</updatedAt><workflowState>project</workflowState><rev>3</rev><shortIdentifier>chronologytypes</shortIdentifier><displayName>Chronology
        Authority Types</displayName><vocabType>enum</vocabType></list-item></ns2:abstract-common-list>
  recorded_at: Thu, 04 Sep 2025 21:47:47 GMT
- request:
    method: get
    uri: https://core.dev.collectionspace.org/cspace-services/vocabularies/urn:cspace:name(annotationtype)/items?as=vocabularyitems_common:displayName%20=%20%27nope%27&pgSz=25&sortBy=collectionspace_core:updatedAt%20DESC&wf_deleted=true
    body:
      encoding: US-ASCII
      string: ''
    headers:
      Accept-Encoding:
      - gzip;q=1.0,deflate;q=0.6,identity;q=0.3
      Accept:
      - "*/*"
      User-Agent:
      - Ruby
      Authorization:
      - Basic YWRtaW5AY29yZS5jb2xsZWN0aW9uc3BhY2Uub3JnOkFkbWluaXN0cmF0b3I=
  response:
    status:
      code: 200
      message: ''
    headers:
      Date:
      - Thu, 04 Sep 2025 21:47:48 GMT
      Content-Type:
      - application/xml
      Content-Length:
      - '445'
      Connection:
      - keep-alive
      Vary:
      - Access-Control-Request-Headers
      - Access-Control-Request-Method
      - Origin
      Set-Cookie:
      - JSESSIONID=F2AF829770792F3894E3C694CCA406BE; Path=/cspace-services; Secure;
        HttpOnly
      X-Content-Type-Options:
      - nosniff
      X-Xss-Protection:
      - 1; mode=block
      Cache-Control:
      - no-cache, no-store, max-age=0, must-revalidate
      Pragma:
      - no-cache
      Expires:
      - '0'
      Strict-Transport-Security:
      - max-age=31536000 ; includeSubDomains
      X-Frame-Options:
      - DENY
    body:
      encoding: UTF-8
      string: <?xml version="1.0" encoding="UTF-8" standalone="yes"?><ns2:abstract-common-list
        xmlns:ns2="http://collectionspace.org/services/jaxb"><pageNum>0</pageNum><pageSize>25</pageSize><itemsInPage>0</itemsInPage><totalItems>0</totalItems><fieldsReturned>csid|uri|refName|updatedAt|workflowState|rev|sourcePage|sas|proposed|referenced|deprecated|termStatus|description|source|order|displayName|shortIdentifier</fieldsReturned></ns2:abstract-common-list>
  recorded_at: Thu, 04 Sep 2025 21:47:48 GMT
- request:
    method: get
    uri: https://core.dev.collectionspace.org/cspace-services/vocabularies/urn:cspace:name(annotationtype)/items?as=vocabularyitems_common:displayName%20ILIKE%20%27nope%27&pgSz=25&sortBy=collectionspace_core:updatedAt%20DESC&wf_deleted=true
    body:
      encoding: US-ASCII
      string: ''
    headers:
      Accept-Encoding:
      - gzip;q=1.0,deflate;q=0.6,identity;q=0.3
      Accept:
      - "*/*"
      User-Agent:
      - Ruby
      Authorization:
      - Basic YWRtaW5AY29yZS5jb2xsZWN0aW9uc3BhY2Uub3JnOkFkbWluaXN0cmF0b3I=
  response:
    status:
      code: 200
      message: ''
    headers:
      Date:
      - Thu, 04 Sep 2025 21:47:48 GMT
      Content-Type:
      - application/xml
      Content-Length:
      - '445'
      Connection:
      - keep-alive
      Vary:
      - Access-Control-Request-Headers
      - Access-Control-Request-Method
      - Origin
      Set-Cookie:
      - JSESSIONID=73813F1E7972E875F8E956000E15E145; Path=/cspace-services; Secure;
        HttpOnly
      X-Content-Type-Options:
      - nosniff
      X-Xss-Protection:
      - 1; mode=block
      Cache-Control:
      - no-cache, no-store, max-age=0, must-revalidate
      Pragma:
      - no-cache
      Expires:
      - '0'
      Strict-Transport-Security:
      - max-age=31536000 ; includeSubDomains
      X-Frame-Options:
      - DENY
    body:
      encoding: UTF-8
      string: <?xml version="1.0" encoding="UTF-8" standalone="yes"?><ns2:abstract-common-list
        xmlns:ns2="http://collectionspace.org/services/jaxb"><pageNum>0</pageNum><pageSize>25</pageSize><itemsInPage>0</itemsInPage><totalItems>0</totalItems><fieldsReturned>csid|uri|refName|updatedAt|workflowState|rev|sourcePage|sas|proposed|referenced|deprecated|termStatus|description|source|order|displayName|shortIdentifier</fieldsReturned></ns2:abstract-common-list>
  recorded_at: Thu, 04 Sep 2025 21:47:48 GMT
recorded_with: VCR 6.3.1
